src/app/(dashboard)/finance/coa/page.tsx(54,54): error TS2339: Property 'isGroup' does not exist on type '{ name: string; id: string; code: string; isActive: boolean; createdAt: Date; updatedAt: Date; companyId: string; nameAr: string | null; createdBy: string | null; parentId: string | null; ... 9 more ...; allowManualEntry: boolean | null; }'.
src/app/(dashboard)/finance/coa/page.tsx(59,87): error TS2339: Property 'parentAccountId' does not exist on type '{ name: string; id: string; code: string; isActive: boolean; createdAt: Date; updatedAt: Date; companyId: string; nameAr: string | null; createdBy: string | null; parentId: string | null; ... 9 more ...; allowManualEntry: boolean | null; }'.
src/app/(dashboard)/finance/journals/new/page.tsx(11,77): error TS2339: Property 'isGroup' does not exist on type 'PgTableWithColumns<{ name: "chart_of_accounts"; schema: undefined; columns: { id: PgColumn<{ name: "id"; tableName: "chart_of_accounts"; dataType: "string"; columnType: "PgUUID"; data: string; driverParam: string; notNull: true; ... 7 more ...; generated: undefined; }, {}, {}>; ... 18 more ...; createdBy: PgColumn<....'.
src/app/(dashboard)/finance/journals/page.tsx(21,35): error TS2339: Property 'entryDate' does not exist on type 'PgTableWithColumns<{ name: "journal_entries"; schema: undefined; columns: { id: PgColumn<{ name: "id"; tableName: "journal_entries"; dataType: "string"; columnType: "PgUUID"; data: string; driverParam: string; notNull: true; ... 7 more ...; generated: undefined; }, {}, {}>; ... 17 more ...; createdBy: PgColumn<...>;...'.
src/app/(dashboard)/finance/journals/page.tsx(57,50): error TS2339: Property 'entryDate' does not exist on type '{ id: string; createdAt: Date; updatedAt: Date; companyId: string; branchId: string | null; description: string | null; createdBy: string | null; status: "draft" | "cancelled" | "posted"; ... 10 more ...; postedBy: string | null; }'.
src/app/(dashboard)/finance/journals/page.tsx(60,33): error TS2339: Property 'entryNumber' does not exist on type '{ id: string; createdAt: Date; updatedAt: Date; companyId: string; branchId: string | null; description: string | null; createdBy: string | null; status: "draft" | "cancelled" | "posted"; ... 10 more ...; postedBy: string | null; }'.
src/app/(dashboard)/finance/journals/page.tsx(63,82): error TS2339: Property 'referenceId' does not exist on type '{ id: string; createdAt: Date; updatedAt: Date; companyId: string; branchId: string | null; description: string | null; createdBy: string | null; status: "draft" | "cancelled" | "posted"; ... 10 more ...; postedBy: string | null; }'.
src/app/(dashboard)/inventory/items/page.tsx(67,65): error TS2339: Property 'type' does not exist on type '{ name: string; id: string; code: string; isActive: boolean; createdAt: Date; updatedAt: Date; companyId: string; description: string | null; nameAr: string | null; createdBy: string | null; ... 14 more ...; hasExpiry: boolean | null; }'.
src/app/(dashboard)/inventory/ledger/page.tsx(63,34): error TS2339: Property 'referenceId' does not exist on type '{ id: string; createdAt: Date; companyId: string; createdBy: string | null; uom: string; itemId: string; documentType: string | null; warehouseId: string; transactionType: "receipt" | ... 8 more ... | "production_out"; ... 11 more ...; warehouse: { ...; }; }'.
src/app/(dashboard)/inventory/page.tsx(126,26): error TS2365: Operator '>' cannot be applied to types 'string' and 'number'.
src/app/(dashboard)/procurement/orders/page.tsx(26,35): error TS2339: Property 'transactionDate' does not exist on type 'PgTableWithColumns<{ name: "purchase_orders"; schema: undefined; columns: { id: PgColumn<{ name: "id"; tableName: "purchase_orders"; dataType: "string"; columnType: "PgUUID"; data: string; driverParam: string; notNull: true; ... 7 more ...; generated: undefined; }, {}, {}>; ... 23 more ...; createdBy: PgColumn<...>;...'.
src/app/(dashboard)/procurement/orders/page.tsx(63,50): error TS2339: Property 'transactionDate' does not exist on type '{ id: string; createdAt: Date; updatedAt: Date; companyId: string; branchId: string | null; discountPercent: string | null; createdBy: string | null; supplierId: string; exchangeRate: string | null; ... 16 more ...; supplier: { ...; }; }'.
src/app/(dashboard)/sales/invoices/[id]/page.tsx(20,7): error TS2353: Object literal may only specify known properties, and 'items' does not exist in type '{ company?: true | { columns?: { id?: boolean | undefined; code?: boolean | undefined; legalName?: boolean | undefined; tradeName?: boolean | undefined; trn?: boolean | undefined; address?: boolean | undefined; currency?: boolean | undefined; isActive?: boolean | undefined; createdAt?: boolean | undefined; updatedAt...'.
src/app/(dashboard)/sales/invoices/[id]/page.tsx(39,29): error TS2367: This comparison appears to be unintentional because the types '"draft" | "cancelled" | "completed" | "sent" | "confirmed" | "partial"' and '"posted"' have no overlap.
src/app/(dashboard)/sales/invoices/[id]/page.tsx(68,65): error TS2551: Property 'customer' does not exist on type '{ id: string; createdAt: Date; updatedAt: Date; companyId: string; branchId: string | null; discountPercent: string | null; createdBy: string | null; customerId: string; exchangeRate: string | null; ... 17 more ...; isPosted: boolean | null; }'. Did you mean 'customerId'?
src/app/(dashboard)/sales/invoices/[id]/page.tsx(69,41): error TS2551: Property 'customer' does not exist on type '{ id: string; createdAt: Date; updatedAt: Date; companyId: string; branchId: string | null; discountPercent: string | null; createdBy: string | null; customerId: string; exchangeRate: string | null; ... 17 more ...; isPosted: boolean | null; }'. Did you mean 'customerId'?
src/app/(dashboard)/sales/invoices/[id]/page.tsx(89,42): error TS2339: Property 'items' does not exist on type '{ id: string; createdAt: Date; updatedAt: Date; companyId: string; branchId: string | null; discountPercent: string | null; createdBy: string | null; customerId: string; exchangeRate: string | null; ... 17 more ...; isPosted: boolean | null; }'.
src/app/(dashboard)/sales/invoices/[id]/page.tsx(89,52): error TS7006: Parameter 'item' implicitly has an 'any' type.
src/app/(dashboard)/sales/invoices/[id]/page.tsx(108,55): error TS2551: Property 'subTotal' does not exist on type '{ id: string; createdAt: Date; updatedAt: Date; companyId: string; branchId: string | null; discountPercent: string | null; createdBy: string | null; customerId: string; exchangeRate: string | null; ... 17 more ...; isPosted: boolean | null; }'. Did you mean 'subtotal'?
src/app/(dashboard)/sales/invoices/[id]/page.tsx(112,55): error TS2339: Property 'totalTax' does not exist on type '{ id: string; createdAt: Date; updatedAt: Date; companyId: string; branchId: string | null; discountPercent: string | null; createdBy: string | null; customerId: string; exchangeRate: string | null; ... 17 more ...; isPosted: boolean | null; }'.
src/app/(dashboard)/sales/invoices/page.tsx(68,45): error TS2367: This comparison appears to be unintentional because the types '"draft" | "cancelled" | "completed" | "sent" | "confirmed" | "partial"' and '"posted"' have no overlap.
src/app/(dashboard)/sales/page.tsx(128,41): error TS2367: This comparison appears to be unintentional because the types '"draft" | "cancelled" | "completed" | "sent" | "confirmed" | "partial"' and '"posted"' have no overlap.
src/app/api/sales/invoices/[id]/pdf/route.ts(18,7): error TS2353: Object literal may only specify known properties, and 'items' does not exist in type '{ company?: true | { columns?: { id?: boolean | undefined; code?: boolean | undefined; legalName?: boolean | undefined; tradeName?: boolean | undefined; trn?: boolean | undefined; address?: boolean | undefined; currency?: boolean | undefined; isActive?: boolean | undefined; createdAt?: boolean | undefined; updatedAt...'.
src/app/api/sales/invoices/[id]/pdf/route.ts(34,21): error TS2551: Property 'company' does not exist on type '{ id: string; createdAt: Date; updatedAt: Date; companyId: string; branchId: string | null; discountPercent: string | null; createdBy: string | null; customerId: string; exchangeRate: string | null; ... 17 more ...; isPosted: boolean | null; }'. Did you mean 'companyId'?
src/app/api/sales/invoices/[id]/pdf/route.ts(35,20): error TS2551: Property 'company' does not exist on type '{ id: string; createdAt: Date; updatedAt: Date; companyId: string; branchId: string | null; discountPercent: string | null; createdBy: string | null; customerId: string; exchangeRate: string | null; ... 17 more ...; isPosted: boolean | null; }'. Did you mean 'companyId'?
src/app/api/sales/invoices/[id]/pdf/route.ts(40,21): error TS2551: Property 'customer' does not exist on type '{ id: string; createdAt: Date; updatedAt: Date; companyId: string; branchId: string | null; discountPercent: string | null; createdBy: string | null; customerId: string; exchangeRate: string | null; ... 17 more ...; isPosted: boolean | null; }'. Did you mean 'customerId'?
src/app/api/sales/invoices/[id]/pdf/route.ts(41,20): error TS2551: Property 'customer' does not exist on type '{ id: string; createdAt: Date; updatedAt: Date; companyId: string; branchId: string | null; discountPercent: string | null; createdBy: string | null; customerId: string; exchangeRate: string | null; ... 17 more ...; isPosted: boolean | null; }'. Did you mean 'customerId'?
src/app/api/sales/invoices/[id]/pdf/route.ts(42,24): error TS2551: Property 'customer' does not exist on type '{ id: string; createdAt: Date; updatedAt: Date; companyId: string; branchId: string | null; discountPercent: string | null; createdBy: string | null; customerId: string; exchangeRate: string | null; ... 17 more ...; isPosted: boolean | null; }'. Did you mean 'customerId'?
src/app/api/sales/invoices/[id]/pdf/route.ts(51,20): error TS2339: Property 'items' does not exist on type '{ id: string; createdAt: Date; updatedAt: Date; companyId: string; branchId: string | null; discountPercent: string | null; createdBy: string | null; customerId: string; exchangeRate: string | null; ... 17 more ...; isPosted: boolean | null; }'.
src/app/api/sales/invoices/[id]/pdf/route.ts(51,30): error TS7006: Parameter 'i' implicitly has an 'any' type.
src/app/api/sales/invoices/[id]/pdf/route.ts(61,32): error TS2551: Property 'subTotal' does not exist on type '{ id: string; createdAt: Date; updatedAt: Date; companyId: string; branchId: string | null; discountPercent: string | null; createdBy: string | null; customerId: string; exchangeRate: string | null; ... 17 more ...; isPosted: boolean | null; }'. Did you mean 'subtotal'?
src/app/api/sales/invoices/[id]/pdf/route.ts(62,32): error TS2339: Property 'totalDiscount' does not exist on type '{ id: string; createdAt: Date; updatedAt: Date; companyId: string; branchId: string | null; discountPercent: string | null; createdBy: string | null; customerId: string; exchangeRate: string | null; ... 17 more ...; isPosted: boolean | null; }'.
src/app/api/sales/invoices/[id]/pdf/route.ts(63,32): error TS2339: Property 'totalTax' does not exist on type '{ id: string; createdAt: Date; updatedAt: Date; companyId: string; branchId: string | null; discountPercent: string | null; createdBy: string | null; customerId: string; exchangeRate: string | null; ... 17 more ...; isPosted: boolean | null; }'.
src/components/finance/journal-form.tsx(48,5): error TS2322: Type 'Resolver<{ entryDate: string; description: string; lines: { accountId: string; debit: unknown; credit: unknown; description?: string | undefined; }[]; reference?: string | undefined; }, any, { entryDate: string; description: string; lines: { ...; }[]; reference?: string | undefined; }>' is not assignable to type 'Resolver<{ entryDate: string; description: string; lines: { accountId: string; debit: number; credit: number; description?: string | undefined; }[]; reference?: string | undefined; }, any, { entryDate: string; description: string; lines: { ...; }[]; reference?: string | undefined; }>'.
  Types of parameters 'options' and 'options' are incompatible.
    Type 'ResolverOptions<{ entryDate: string; description: string; lines: { accountId: string; debit: number; credit: number; description?: string | undefined; }[]; reference?: string | undefined; }>' is not assignable to type 'ResolverOptions<{ entryDate: string; description: string; lines: { accountId: string; debit: unknown; credit: unknown; description?: string | undefined; }[]; reference?: string | undefined; }>'.
      Type '{ accountId: string; debit: unknown; credit: unknown; description?: string | undefined; }[]' is not assignable to type '{ accountId: string; debit: number; credit: number; description?: string | undefined; }[]'.
        Type '{ accountId: string; debit: unknown; credit: unknown; description?: string | undefined; }' is not assignable to type '{ accountId: string; debit: number; credit: number; description?: string | undefined; }'.
          Types of property 'debit' are incompatible.
            Type 'unknown' is not assignable to type 'number'.
src/components/finance/journal-form.tsx(89,41): error TS2345: Argument of type '(data: { entryDate: string; description: string; lines: { accountId: string; debit: number; credit: number; description?: string | undefined; }[]; reference?: string | undefined; }) => Promise<void>' is not assignable to parameter of type 'SubmitHandler<TFieldValues>'.
  Types of parameters 'data' and 'data' are incompatible.
    Type 'TFieldValues' is not assignable to type '{ entryDate: string; description: string; lines: { accountId: string; debit: number; credit: number; description?: string | undefined; }[]; reference?: string | undefined; }'.
      Type 'FieldValues' is missing the following properties from type '{ entryDate: string; description: string; lines: { accountId: string; debit: number; credit: number; description?: string | undefined; }[]; reference?: string | undefined; }': entryDate, description, lines
src/components/finance/journal-form.tsx(100,15): error TS2322: Type 'Control<{ entryDate: string; description: string; lines: { accountId: string; debit: number; credit: number; description?: string | undefined; }[]; reference?: string | undefined; }, any, TFieldValues>' is not assignable to type 'Control<{ entryDate: string; description: string; lines: { accountId: string; debit: number; credit: number; description?: string | undefined; }[]; reference?: string | undefined; }, any, { entryDate: string; description: string; lines: { ...; }[]; reference?: string | undefined; }>'.
  The types of '_options.resolver' are incompatible between these types.
    Type 'Resolver<{ entryDate: string; description: string; lines: { accountId: string; debit: number; credit: number; description?: string | undefined; }[]; reference?: string | undefined; }, any, TFieldValues> | undefined' is not assignable to type 'Resolver<{ entryDate: string; description: string; lines: { accountId: string; debit: number; credit: number; description?: string | undefined; }[]; reference?: string | undefined; }, any, { entryDate: string; description: string; lines: { ...; }[]; reference?: string | undefined; }> | undefined'.
      Type 'Resolver<{ entryDate: string; description: string; lines: { accountId: string; debit: number; credit: number; description?: string | undefined; }[]; reference?: string | undefined; }, any, TFieldValues>' is not assignable to type 'Resolver<{ entryDate: string; description: string; lines: { accountId: string; debit: number; credit: number; description?: string | undefined; }[]; reference?: string | undefined; }, any, { entryDate: string; description: string; lines: { ...; }[]; reference?: string | undefined; }>'.
        Type 'ResolverResult<{ entryDate: string; description: string; lines: { accountId: string; debit: number; credit: number; description?: string | undefined; }[]; reference?: string | undefined; }, TFieldValues> | Promise<...>' is not assignable to type 'ResolverResult<{ entryDate: string; description: string; lines: { accountId: string; debit: number; credit: number; description?: string | undefined; }[]; reference?: string | undefined; }, { entryDate: string; description: string; lines: { ...; }[]; reference?: string | undefined; }> | Promise<...>'.
          Type 'ResolverSuccess<TFieldValues>' is not assignable to type 'ResolverResult<{ entryDate: string; description: string; lines: { accountId: string; debit: number; credit: number; description?: string | undefined; }[]; reference?: string | undefined; }, { entryDate: string; description: string; lines: { ...; }[]; reference?: string | undefined; }> | Promise<...>'.
            Type 'ResolverSuccess<TFieldValues>' is not assignable to type 'ResolverSuccess<{ entryDate: string; description: string; lines: { accountId: string; debit: number; credit: number; description?: string | undefined; }[]; reference?: string | undefined; }>'.
              Type 'TFieldValues' is not assignable to type '{ entryDate: string; description: string; lines: { accountId: string; debit: number; credit: number; description?: string | undefined; }[]; reference?: string | undefined; }'.
                Type 'FieldValues' is missing the following properties from type '{ entryDate: string; description: string; lines: { accountId: string; debit: number; credit: number; description?: string | undefined; }[]; reference?: string | undefined; }': entryDate, description, lines
src/components/finance/journal-form.tsx(111,15): error TS2322: Type 'Control<{ entryDate: string; description: string; lines: { accountId: string; debit: number; credit: number; description?: string | undefined; }[]; reference?: string | undefined; }, any, TFieldValues>' is not assignable to type 'Control<{ entryDate: string; description: string; lines: { accountId: string; debit: number; credit: number; description?: string | undefined; }[]; reference?: string | undefined; }, any, { entryDate: string; description: string; lines: { ...; }[]; reference?: string | undefined; }>'.
  The types of '_options.resolver' are incompatible between these types.
    Type 'Resolver<{ entryDate: string; description: string; lines: { accountId: string; debit: number; credit: number; description?: string | undefined; }[]; reference?: string | undefined; }, any, TFieldValues> | undefined' is not assignable to type 'Resolver<{ entryDate: string; description: string; lines: { accountId: string; debit: number; credit: number; description?: string | undefined; }[]; reference?: string | undefined; }, any, { entryDate: string; description: string; lines: { ...; }[]; reference?: string | undefined; }> | undefined'.
      Type 'Resolver<{ entryDate: string; description: string; lines: { accountId: string; debit: number; credit: number; description?: string | undefined; }[]; reference?: string | undefined; }, any, TFieldValues>' is not assignable to type 'Resolver<{ entryDate: string; description: string; lines: { accountId: string; debit: number; credit: number; description?: string | undefined; }[]; reference?: string | undefined; }, any, { entryDate: string; description: string; lines: { ...; }[]; reference?: string | undefined; }>'.
        Type 'ResolverResult<{ entryDate: string; description: string; lines: { accountId: string; debit: number; credit: number; description?: string | undefined; }[]; reference?: string | undefined; }, TFieldValues> | Promise<...>' is not assignable to type 'ResolverResult<{ entryDate: string; description: string; lines: { accountId: string; debit: number; credit: number; description?: string | undefined; }[]; reference?: string | undefined; }, { entryDate: string; description: string; lines: { ...; }[]; reference?: string | undefined; }> | Promise<...>'.
          Type 'ResolverSuccess<TFieldValues>' is not assignable to type 'ResolverResult<{ entryDate: string; description: string; lines: { accountId: string; debit: number; credit: number; description?: string | undefined; }[]; reference?: string | undefined; }, { entryDate: string; description: string; lines: { ...; }[]; reference?: string | undefined; }> | Promise<...>'.
            Type 'ResolverSuccess<TFieldValues>' is not assignable to type 'ResolverSuccess<{ entryDate: string; description: string; lines: { accountId: string; debit: number; credit: number; description?: string | undefined; }[]; reference?: string | undefined; }>'.
              Type 'TFieldValues' is not assignable to type '{ entryDate: string; description: string; lines: { accountId: string; debit: number; credit: number; description?: string | undefined; }[]; reference?: string | undefined; }'.
                Type 'FieldValues' is missing the following properties from type '{ entryDate: string; description: string; lines: { accountId: string; debit: number; credit: number; description?: string | undefined; }[]; reference?: string | undefined; }': entryDate, description, lines
src/components/finance/journal-form.tsx(136,37): error TS2322: Type 'Control<{ entryDate: string; description: string; lines: { accountId: string; debit: number; credit: number; description?: string | undefined; }[]; reference?: string | undefined; }, any, TFieldValues>' is not assignable to type 'Control<{ entryDate: string; description: string; lines: { accountId: string; debit: number; credit: number; description?: string | undefined; }[]; reference?: string | undefined; }, any, { entryDate: string; description: string; lines: { ...; }[]; reference?: string | undefined; }>'.
  The types of '_options.resolver' are incompatible between these types.
    Type 'Resolver<{ entryDate: string; description: string; lines: { accountId: string; debit: number; credit: number; description?: string | undefined; }[]; reference?: string | undefined; }, any, TFieldValues> | undefined' is not assignable to type 'Resolver<{ entryDate: string; description: string; lines: { accountId: string; debit: number; credit: number; description?: string | undefined; }[]; reference?: string | undefined; }, any, { entryDate: string; description: string; lines: { ...; }[]; reference?: string | undefined; }> | undefined'.
      Type 'Resolver<{ entryDate: string; description: string; lines: { accountId: string; debit: number; credit: number; description?: string | undefined; }[]; reference?: string | undefined; }, any, TFieldValues>' is not assignable to type 'Resolver<{ entryDate: string; description: string; lines: { accountId: string; debit: number; credit: number; description?: string | undefined; }[]; reference?: string | undefined; }, any, { entryDate: string; description: string; lines: { ...; }[]; reference?: string | undefined; }>'.
        Type 'ResolverResult<{ entryDate: string; description: string; lines: { accountId: string; debit: number; credit: number; description?: string | undefined; }[]; reference?: string | undefined; }, TFieldValues> | Promise<...>' is not assignable to type 'ResolverResult<{ entryDate: string; description: string; lines: { accountId: string; debit: number; credit: number; description?: string | undefined; }[]; reference?: string | undefined; }, { entryDate: string; description: string; lines: { ...; }[]; reference?: string | undefined; }> | Promise<...>'.
          Type 'ResolverSuccess<TFieldValues>' is not assignable to type 'ResolverResult<{ entryDate: string; description: string; lines: { accountId: string; debit: number; credit: number; description?: string | undefined; }[]; reference?: string | undefined; }, { entryDate: string; description: string; lines: { ...; }[]; reference?: string | undefined; }> | Promise<...>'.
            Type 'ResolverSuccess<TFieldValues>' is not assignable to type 'ResolverSuccess<{ entryDate: string; description: string; lines: { accountId: string; debit: number; credit: number; description?: string | undefined; }[]; reference?: string | undefined; }>'.
              Type 'TFieldValues' is not assignable to type '{ entryDate: string; description: string; lines: { accountId: string; debit: number; credit: number; description?: string | undefined; }[]; reference?: string | undefined; }'.
                Type 'FieldValues' is missing the following properties from type '{ entryDate: string; description: string; lines: { accountId: string; debit: number; credit: number; description?: string | undefined; }[]; reference?: string | undefined; }': entryDate, description, lines
src/components/finance/journal-form.tsx(158,37): error TS2322: Type 'Control<{ entryDate: string; description: string; lines: { accountId: string; debit: number; credit: number; description?: string | undefined; }[]; reference?: string | undefined; }, any, TFieldValues>' is not assignable to type 'Control<{ entryDate: string; description: string; lines: { accountId: string; debit: number; credit: number; description?: string | undefined; }[]; reference?: string | undefined; }, any, { entryDate: string; description: string; lines: { ...; }[]; reference?: string | undefined; }>'.
  The types of '_options.resolver' are incompatible between these types.
    Type 'Resolver<{ entryDate: string; description: string; lines: { accountId: string; debit: number; credit: number; description?: string | undefined; }[]; reference?: string | undefined; }, any, TFieldValues> | undefined' is not assignable to type 'Resolver<{ entryDate: string; description: string; lines: { accountId: string; debit: number; credit: number; description?: string | undefined; }[]; reference?: string | undefined; }, any, { entryDate: string; description: string; lines: { ...; }[]; reference?: string | undefined; }> | undefined'.
      Type 'Resolver<{ entryDate: string; description: string; lines: { accountId: string; debit: number; credit: number; description?: string | undefined; }[]; reference?: string | undefined; }, any, TFieldValues>' is not assignable to type 'Resolver<{ entryDate: string; description: string; lines: { accountId: string; debit: number; credit: number; description?: string | undefined; }[]; reference?: string | undefined; }, any, { entryDate: string; description: string; lines: { ...; }[]; reference?: string | undefined; }>'.
        Type 'ResolverResult<{ entryDate: string; description: string; lines: { accountId: string; debit: number; credit: number; description?: string | undefined; }[]; reference?: string | undefined; }, TFieldValues> | Promise<...>' is not assignable to type 'ResolverResult<{ entryDate: string; description: string; lines: { accountId: string; debit: number; credit: number; description?: string | undefined; }[]; reference?: string | undefined; }, { entryDate: string; description: string; lines: { ...; }[]; reference?: string | undefined; }> | Promise<...>'.
          Type 'ResolverSuccess<TFieldValues>' is not assignable to type 'ResolverResult<{ entryDate: string; description: string; lines: { accountId: string; debit: number; credit: number; description?: string | undefined; }[]; reference?: string | undefined; }, { entryDate: string; description: string; lines: { ...; }[]; reference?: string | undefined; }> | Promise<...>'.
            Type 'ResolverSuccess<TFieldValues>' is not assignable to type 'ResolverSuccess<{ entryDate: string; description: string; lines: { accountId: string; debit: number; credit: number; description?: string | undefined; }[]; reference?: string | undefined; }>'.
              Type 'TFieldValues' is not assignable to type '{ entryDate: string; description: string; lines: { accountId: string; debit: number; credit: number; description?: string | undefined; }[]; reference?: string | undefined; }'.
                Type 'FieldValues' is missing the following properties from type '{ entryDate: string; description: string; lines: { accountId: string; debit: number; credit: number; description?: string | undefined; }[]; reference?: string | undefined; }': entryDate, description, lines
src/components/finance/journal-form.tsx(169,37): error TS2322: Type 'Control<{ entryDate: string; description: string; lines: { accountId: string; debit: number; credit: number; description?: string | undefined; }[]; reference?: string | undefined; }, any, TFieldValues>' is not assignable to type 'Control<{ entryDate: string; description: string; lines: { accountId: string; debit: number; credit: number; description?: string | undefined; }[]; reference?: string | undefined; }, any, { entryDate: string; description: string; lines: { ...; }[]; reference?: string | undefined; }>'.
  The types of '_options.resolver' are incompatible between these types.
    Type 'Resolver<{ entryDate: string; description: string; lines: { accountId: string; debit: number; credit: number; description?: string | undefined; }[]; reference?: string | undefined; }, any, TFieldValues> | undefined' is not assignable to type 'Resolver<{ entryDate: string; description: string; lines: { accountId: string; debit: number; credit: number; description?: string | undefined; }[]; reference?: string | undefined; }, any, { entryDate: string; description: string; lines: { ...; }[]; reference?: string | undefined; }> | undefined'.
      Type 'Resolver<{ entryDate: string; description: string; lines: { accountId: string; debit: number; credit: number; description?: string | undefined; }[]; reference?: string | undefined; }, any, TFieldValues>' is not assignable to type 'Resolver<{ entryDate: string; description: string; lines: { accountId: string; debit: number; credit: number; description?: string | undefined; }[]; reference?: string | undefined; }, any, { entryDate: string; description: string; lines: { ...; }[]; reference?: string | undefined; }>'.
        Type 'ResolverResult<{ entryDate: string; description: string; lines: { accountId: string; debit: number; credit: number; description?: string | undefined; }[]; reference?: string | undefined; }, TFieldValues> | Promise<...>' is not assignable to type 'ResolverResult<{ entryDate: string; description: string; lines: { accountId: string; debit: number; credit: number; description?: string | undefined; }[]; reference?: string | undefined; }, { entryDate: string; description: string; lines: { ...; }[]; reference?: string | undefined; }> | Promise<...>'.
          Type 'ResolverSuccess<TFieldValues>' is not assignable to type 'ResolverResult<{ entryDate: string; description: string; lines: { accountId: string; debit: number; credit: number; description?: string | undefined; }[]; reference?: string | undefined; }, { entryDate: string; description: string; lines: { ...; }[]; reference?: string | undefined; }> | Promise<...>'.
            Type 'ResolverSuccess<TFieldValues>' is not assignable to type 'ResolverSuccess<{ entryDate: string; description: string; lines: { accountId: string; debit: number; credit: number; description?: string | undefined; }[]; reference?: string | undefined; }>'.
              Type 'TFieldValues' is not assignable to type '{ entryDate: string; description: string; lines: { accountId: string; debit: number; credit: number; description?: string | undefined; }[]; reference?: string | undefined; }'.
                Type 'FieldValues' is missing the following properties from type '{ entryDate: string; description: string; lines: { accountId: string; debit: number; credit: number; description?: string | undefined; }[]; reference?: string | undefined; }': entryDate, description, lines
src/components/finance/journal-form.tsx(180,37): error TS2322: Type 'Control<{ entryDate: string; description: string; lines: { accountId: string; debit: number; credit: number; description?: string | undefined; }[]; reference?: string | undefined; }, any, TFieldValues>' is not assignable to type 'Control<{ entryDate: string; description: string; lines: { accountId: string; debit: number; credit: number; description?: string | undefined; }[]; reference?: string | undefined; }, any, { entryDate: string; description: string; lines: { ...; }[]; reference?: string | undefined; }>'.
  The types of '_options.resolver' are incompatible between these types.
    Type 'Resolver<{ entryDate: string; description: string; lines: { accountId: string; debit: number; credit: number; description?: string | undefined; }[]; reference?: string | undefined; }, any, TFieldValues> | undefined' is not assignable to type 'Resolver<{ entryDate: string; description: string; lines: { accountId: string; debit: number; credit: number; description?: string | undefined; }[]; reference?: string | undefined; }, any, { entryDate: string; description: string; lines: { ...; }[]; reference?: string | undefined; }> | undefined'.
      Type 'Resolver<{ entryDate: string; description: string; lines: { accountId: string; debit: number; credit: number; description?: string | undefined; }[]; reference?: string | undefined; }, any, TFieldValues>' is not assignable to type 'Resolver<{ entryDate: string; description: string; lines: { accountId: string; debit: number; credit: number; description?: string | undefined; }[]; reference?: string | undefined; }, any, { entryDate: string; description: string; lines: { ...; }[]; reference?: string | undefined; }>'.
        Type 'ResolverResult<{ entryDate: string; description: string; lines: { accountId: string; debit: number; credit: number; description?: string | undefined; }[]; reference?: string | undefined; }, TFieldValues> | Promise<...>' is not assignable to type 'ResolverResult<{ entryDate: string; description: string; lines: { accountId: string; debit: number; credit: number; description?: string | undefined; }[]; reference?: string | undefined; }, { entryDate: string; description: string; lines: { ...; }[]; reference?: string | undefined; }> | Promise<...>'.
          Type 'ResolverSuccess<TFieldValues>' is not assignable to type 'ResolverResult<{ entryDate: string; description: string; lines: { accountId: string; debit: number; credit: number; description?: string | undefined; }[]; reference?: string | undefined; }, { entryDate: string; description: string; lines: { ...; }[]; reference?: string | undefined; }> | Promise<...>'.
            Type 'ResolverSuccess<TFieldValues>' is not assignable to type 'ResolverSuccess<{ entryDate: string; description: string; lines: { accountId: string; debit: number; credit: number; description?: string | undefined; }[]; reference?: string | undefined; }>'.
              Type 'TFieldValues' is not assignable to type '{ entryDate: string; description: string; lines: { accountId: string; debit: number; credit: number; description?: string | undefined; }[]; reference?: string | undefined; }'.
                Type 'FieldValues' is missing the following properties from type '{ entryDate: string; description: string; lines: { accountId: string; debit: number; credit: number; description?: string | undefined; }[]; reference?: string | undefined; }': entryDate, description, lines
src/components/inventory/adjustment-form.tsx(34,5): error TS2322: Type 'Resolver<{ transactionDate: string; reason: string; lines: { itemId: string; warehouseId: string; quantity: unknown; notes?: string | undefined; }[]; }, any, { transactionDate: string; reason: string; lines: { itemId: string; warehouseId: string; quantity: number; notes?: string | undefined; }[]; }>' is not assignable to type 'Resolver<{ transactionDate: string; reason: string; lines: { itemId: string; warehouseId: string; quantity: number; notes?: string | undefined; }[]; }, any, { transactionDate: string; reason: string; lines: { ...; }[]; }>'.
  Types of parameters 'options' and 'options' are incompatible.
    Type 'ResolverOptions<{ transactionDate: string; reason: string; lines: { itemId: string; warehouseId: string; quantity: number; notes?: string | undefined; }[]; }>' is not assignable to type 'ResolverOptions<{ transactionDate: string; reason: string; lines: { itemId: string; warehouseId: string; quantity: unknown; notes?: string | undefined; }[]; }>'.
      Type '{ itemId: string; warehouseId: string; quantity: unknown; notes?: string | undefined; }[]' is not assignable to type '{ itemId: string; warehouseId: string; quantity: number; notes?: string | undefined; }[]'.
        Type '{ itemId: string; warehouseId: string; quantity: unknown; notes?: string | undefined; }' is not assignable to type '{ itemId: string; warehouseId: string; quantity: number; notes?: string | undefined; }'.
          Types of property 'quantity' are incompatible.
            Type 'unknown' is not assignable to type 'number'.
src/components/inventory/adjustment-form.tsx(50,27): error TS2554: Expected 3 arguments, but got 2.
src/components/inventory/adjustment-form.tsx(61,41): error TS2345: Argument of type '(data: { transactionDate: string; reason: string; lines: { itemId: string; warehouseId: string; quantity: number; notes?: string | undefined; }[]; }) => Promise<void>' is not assignable to parameter of type 'SubmitHandler<TFieldValues>'.
  Types of parameters 'data' and 'data' are incompatible.
    Type 'TFieldValues' is not assignable to type '{ transactionDate: string; reason: string; lines: { itemId: string; warehouseId: string; quantity: number; notes?: string | undefined; }[]; }'.
      Type 'FieldValues' is missing the following properties from type '{ transactionDate: string; reason: string; lines: { itemId: string; warehouseId: string; quantity: number; notes?: string | undefined; }[]; }': transactionDate, reason, lines
src/components/inventory/adjustment-form.tsx(68,47): error TS2322: Type 'Control<{ transactionDate: string; reason: string; lines: { itemId: string; warehouseId: string; quantity: number; notes?: string | undefined; }[]; }, any, TFieldValues>' is not assignable to type 'Control<{ transactionDate: string; reason: string; lines: { itemId: string; warehouseId: string; quantity: number; notes?: string | undefined; }[]; }, any, { transactionDate: string; reason: string; lines: { ...; }[]; }>'.
  The types of '_options.resolver' are incompatible between these types.
    Type 'Resolver<{ transactionDate: string; reason: string; lines: { itemId: string; warehouseId: string; quantity: number; notes?: string | undefined; }[]; }, any, TFieldValues> | undefined' is not assignable to type 'Resolver<{ transactionDate: string; reason: string; lines: { itemId: string; warehouseId: string; quantity: number; notes?: string | undefined; }[]; }, any, { transactionDate: string; reason: string; lines: { ...; }[]; }> | undefined'.
      Type 'Resolver<{ transactionDate: string; reason: string; lines: { itemId: string; warehouseId: string; quantity: number; notes?: string | undefined; }[]; }, any, TFieldValues>' is not assignable to type 'Resolver<{ transactionDate: string; reason: string; lines: { itemId: string; warehouseId: string; quantity: number; notes?: string | undefined; }[]; }, any, { transactionDate: string; reason: string; lines: { ...; }[]; }>'.
        Type 'ResolverResult<{ transactionDate: string; reason: string; lines: { itemId: string; warehouseId: string; quantity: number; notes?: string | undefined; }[]; }, TFieldValues> | Promise<...>' is not assignable to type 'ResolverResult<{ transactionDate: string; reason: string; lines: { itemId: string; warehouseId: string; quantity: number; notes?: string | undefined; }[]; }, { transactionDate: string; reason: string; lines: { ...; }[]; }> | Promise<...>'.
          Type 'ResolverSuccess<TFieldValues>' is not assignable to type 'ResolverResult<{ transactionDate: string; reason: string; lines: { itemId: string; warehouseId: string; quantity: number; notes?: string | undefined; }[]; }, { transactionDate: string; reason: string; lines: { ...; }[]; }> | Promise<...>'.
            Type 'ResolverSuccess<TFieldValues>' is not assignable to type 'ResolverSuccess<{ transactionDate: string; reason: string; lines: { itemId: string; warehouseId: string; quantity: number; notes?: string | undefined; }[]; }>'.
              Type 'TFieldValues' is not assignable to type '{ transactionDate: string; reason: string; lines: { itemId: string; warehouseId: string; quantity: number; notes?: string | undefined; }[]; }'.
                Type 'FieldValues' is missing the following properties from type '{ transactionDate: string; reason: string; lines: { itemId: string; warehouseId: string; quantity: number; notes?: string | undefined; }[]; }': transactionDate, reason, lines
src/components/inventory/adjustment-form.tsx(71,39): error TS2322: Type 'Control<{ transactionDate: string; reason: string; lines: { itemId: string; warehouseId: string; quantity: number; notes?: string | undefined; }[]; }, any, TFieldValues>' is not assignable to type 'Control<{ transactionDate: string; reason: string; lines: { itemId: string; warehouseId: string; quantity: number; notes?: string | undefined; }[]; }, any, { transactionDate: string; reason: string; lines: { ...; }[]; }>'.
  The types of '_options.resolver' are incompatible between these types.
    Type 'Resolver<{ transactionDate: string; reason: string; lines: { itemId: string; warehouseId: string; quantity: number; notes?: string | undefined; }[]; }, any, TFieldValues> | undefined' is not assignable to type 'Resolver<{ transactionDate: string; reason: string; lines: { itemId: string; warehouseId: string; quantity: number; notes?: string | undefined; }[]; }, any, { transactionDate: string; reason: string; lines: { ...; }[]; }> | undefined'.
      Type 'Resolver<{ transactionDate: string; reason: string; lines: { itemId: string; warehouseId: string; quantity: number; notes?: string | undefined; }[]; }, any, TFieldValues>' is not assignable to type 'Resolver<{ transactionDate: string; reason: string; lines: { itemId: string; warehouseId: string; quantity: number; notes?: string | undefined; }[]; }, any, { transactionDate: string; reason: string; lines: { ...; }[]; }>'.
        Type 'ResolverResult<{ transactionDate: string; reason: string; lines: { itemId: string; warehouseId: string; quantity: number; notes?: string | undefined; }[]; }, TFieldValues> | Promise<...>' is not assignable to type 'ResolverResult<{ transactionDate: string; reason: string; lines: { itemId: string; warehouseId: string; quantity: number; notes?: string | undefined; }[]; }, { transactionDate: string; reason: string; lines: { ...; }[]; }> | Promise<...>'.
          Type 'ResolverSuccess<TFieldValues>' is not assignable to type 'ResolverResult<{ transactionDate: string; reason: string; lines: { itemId: string; warehouseId: string; quantity: number; notes?: string | undefined; }[]; }, { transactionDate: string; reason: string; lines: { ...; }[]; }> | Promise<...>'.
            Type 'ResolverSuccess<TFieldValues>' is not assignable to type 'ResolverSuccess<{ transactionDate: string; reason: string; lines: { itemId: string; warehouseId: string; quantity: number; notes?: string | undefined; }[]; }>'.
              Type 'TFieldValues' is not assignable to type '{ transactionDate: string; reason: string; lines: { itemId: string; warehouseId: string; quantity: number; notes?: string | undefined; }[]; }'.
                Type 'FieldValues' is missing the following properties from type '{ transactionDate: string; reason: string; lines: { itemId: string; warehouseId: string; quantity: number; notes?: string | undefined; }[]; }': transactionDate, reason, lines
src/components/inventory/adjustment-form.tsx(81,73): error TS2322: Type 'Control<{ transactionDate: string; reason: string; lines: { itemId: string; warehouseId: string; quantity: number; notes?: string | undefined; }[]; }, any, TFieldValues>' is not assignable to type 'Control<{ transactionDate: string; reason: string; lines: { itemId: string; warehouseId: string; quantity: number; notes?: string | undefined; }[]; }, any, { transactionDate: string; reason: string; lines: { ...; }[]; }>'.
  The types of '_options.resolver' are incompatible between these types.
    Type 'Resolver<{ transactionDate: string; reason: string; lines: { itemId: string; warehouseId: string; quantity: number; notes?: string | undefined; }[]; }, any, TFieldValues> | undefined' is not assignable to type 'Resolver<{ transactionDate: string; reason: string; lines: { itemId: string; warehouseId: string; quantity: number; notes?: string | undefined; }[]; }, any, { transactionDate: string; reason: string; lines: { ...; }[]; }> | undefined'.
      Type 'Resolver<{ transactionDate: string; reason: string; lines: { itemId: string; warehouseId: string; quantity: number; notes?: string | undefined; }[]; }, any, TFieldValues>' is not assignable to type 'Resolver<{ transactionDate: string; reason: string; lines: { itemId: string; warehouseId: string; quantity: number; notes?: string | undefined; }[]; }, any, { transactionDate: string; reason: string; lines: { ...; }[]; }>'.
        Type 'ResolverResult<{ transactionDate: string; reason: string; lines: { itemId: string; warehouseId: string; quantity: number; notes?: string | undefined; }[]; }, TFieldValues> | Promise<...>' is not assignable to type 'ResolverResult<{ transactionDate: string; reason: string; lines: { itemId: string; warehouseId: string; quantity: number; notes?: string | undefined; }[]; }, { transactionDate: string; reason: string; lines: { ...; }[]; }> | Promise<...>'.
          Type 'ResolverSuccess<TFieldValues>' is not assignable to type 'ResolverResult<{ transactionDate: string; reason: string; lines: { itemId: string; warehouseId: string; quantity: number; notes?: string | undefined; }[]; }, { transactionDate: string; reason: string; lines: { ...; }[]; }> | Promise<...>'.
            Type 'ResolverSuccess<TFieldValues>' is not assignable to type 'ResolverSuccess<{ transactionDate: string; reason: string; lines: { itemId: string; warehouseId: string; quantity: number; notes?: string | undefined; }[]; }>'.
              Type 'TFieldValues' is not assignable to type '{ transactionDate: string; reason: string; lines: { itemId: string; warehouseId: string; quantity: number; notes?: string | undefined; }[]; }'.
                Type 'FieldValues' is missing the following properties from type '{ transactionDate: string; reason: string; lines: { itemId: string; warehouseId: string; quantity: number; notes?: string | undefined; }[]; }': transactionDate, reason, lines
src/components/inventory/adjustment-form.tsx(90,77): error TS2322: Type 'Control<{ transactionDate: string; reason: string; lines: { itemId: string; warehouseId: string; quantity: number; notes?: string | undefined; }[]; }, any, TFieldValues>' is not assignable to type 'Control<{ transactionDate: string; reason: string; lines: { itemId: string; warehouseId: string; quantity: number; notes?: string | undefined; }[]; }, any, { transactionDate: string; reason: string; lines: { ...; }[]; }>'.
  The types of '_options.resolver' are incompatible between these types.
    Type 'Resolver<{ transactionDate: string; reason: string; lines: { itemId: string; warehouseId: string; quantity: number; notes?: string | undefined; }[]; }, any, TFieldValues> | undefined' is not assignable to type 'Resolver<{ transactionDate: string; reason: string; lines: { itemId: string; warehouseId: string; quantity: number; notes?: string | undefined; }[]; }, any, { transactionDate: string; reason: string; lines: { ...; }[]; }> | undefined'.
      Type 'Resolver<{ transactionDate: string; reason: string; lines: { itemId: string; warehouseId: string; quantity: number; notes?: string | undefined; }[]; }, any, TFieldValues>' is not assignable to type 'Resolver<{ transactionDate: string; reason: string; lines: { itemId: string; warehouseId: string; quantity: number; notes?: string | undefined; }[]; }, any, { transactionDate: string; reason: string; lines: { ...; }[]; }>'.
        Type 'ResolverResult<{ transactionDate: string; reason: string; lines: { itemId: string; warehouseId: string; quantity: number; notes?: string | undefined; }[]; }, TFieldValues> | Promise<...>' is not assignable to type 'ResolverResult<{ transactionDate: string; reason: string; lines: { itemId: string; warehouseId: string; quantity: number; notes?: string | undefined; }[]; }, { transactionDate: string; reason: string; lines: { ...; }[]; }> | Promise<...>'.
          Type 'ResolverSuccess<TFieldValues>' is not assignable to type 'ResolverResult<{ transactionDate: string; reason: string; lines: { itemId: string; warehouseId: string; quantity: number; notes?: string | undefined; }[]; }, { transactionDate: string; reason: string; lines: { ...; }[]; }> | Promise<...>'.
            Type 'ResolverSuccess<TFieldValues>' is not assignable to type 'ResolverSuccess<{ transactionDate: string; reason: string; lines: { itemId: string; warehouseId: string; quantity: number; notes?: string | undefined; }[]; }>'.
              Type 'TFieldValues' is not assignable to type '{ transactionDate: string; reason: string; lines: { itemId: string; warehouseId: string; quantity: number; notes?: string | undefined; }[]; }'.
                Type 'FieldValues' is missing the following properties from type '{ transactionDate: string; reason: string; lines: { itemId: string; warehouseId: string; quantity: number; notes?: string | undefined; }[]; }': transactionDate, reason, lines
src/components/inventory/adjustment-form.tsx(99,75): error TS2322: Type 'Control<{ transactionDate: string; reason: string; lines: { itemId: string; warehouseId: string; quantity: number; notes?: string | undefined; }[]; }, any, TFieldValues>' is not assignable to type 'Control<{ transactionDate: string; reason: string; lines: { itemId: string; warehouseId: string; quantity: number; notes?: string | undefined; }[]; }, any, { transactionDate: string; reason: string; lines: { ...; }[]; }>'.
  The types of '_options.resolver' are incompatible between these types.
    Type 'Resolver<{ transactionDate: string; reason: string; lines: { itemId: string; warehouseId: string; quantity: number; notes?: string | undefined; }[]; }, any, TFieldValues> | undefined' is not assignable to type 'Resolver<{ transactionDate: string; reason: string; lines: { itemId: string; warehouseId: string; quantity: number; notes?: string | undefined; }[]; }, any, { transactionDate: string; reason: string; lines: { ...; }[]; }> | undefined'.
      Type 'Resolver<{ transactionDate: string; reason: string; lines: { itemId: string; warehouseId: string; quantity: number; notes?: string | undefined; }[]; }, any, TFieldValues>' is not assignable to type 'Resolver<{ transactionDate: string; reason: string; lines: { itemId: string; warehouseId: string; quantity: number; notes?: string | undefined; }[]; }, any, { transactionDate: string; reason: string; lines: { ...; }[]; }>'.
        Type 'ResolverResult<{ transactionDate: string; reason: string; lines: { itemId: string; warehouseId: string; quantity: number; notes?: string | undefined; }[]; }, TFieldValues> | Promise<...>' is not assignable to type 'ResolverResult<{ transactionDate: string; reason: string; lines: { itemId: string; warehouseId: string; quantity: number; notes?: string | undefined; }[]; }, { transactionDate: string; reason: string; lines: { ...; }[]; }> | Promise<...>'.
          Type 'ResolverSuccess<TFieldValues>' is not assignable to type 'ResolverResult<{ transactionDate: string; reason: string; lines: { itemId: string; warehouseId: string; quantity: number; notes?: string | undefined; }[]; }, { transactionDate: string; reason: string; lines: { ...; }[]; }> | Promise<...>'.
            Type 'ResolverSuccess<TFieldValues>' is not assignable to type 'ResolverSuccess<{ transactionDate: string; reason: string; lines: { itemId: string; warehouseId: string; quantity: number; notes?: string | undefined; }[]; }>'.
              Type 'TFieldValues' is not assignable to type '{ transactionDate: string; reason: string; lines: { itemId: string; warehouseId: string; quantity: number; notes?: string | undefined; }[]; }'.
                Type 'FieldValues' is missing the following properties from type '{ transactionDate: string; reason: string; lines: { itemId: string; warehouseId: string; quantity: number; notes?: string | undefined; }[]; }': transactionDate, reason, lines
src/components/procurement/po-form.tsx(50,5): error TS2322: Type 'Resolver<{ supplierId: string; transactionDate: string; dueDate: string; items: { itemId: string; quantity: unknown; unitPrice: unknown; vatRate?: unknown; }[]; notes?: string | undefined; }, any, { supplierId: string; transactionDate: string; dueDate: string; items: { ...; }[]; notes?: string | undefined; }>' is not assignable to type 'Resolver<{ supplierId: string; transactionDate: string; dueDate: string; items: { itemId: string; quantity: number; unitPrice: number; vatRate: number; }[]; notes?: string | undefined; }, any, { supplierId: string; transactionDate: string; dueDate: string; items: { ...; }[]; notes?: string | undefined; }>'.
  Types of parameters 'options' and 'options' are incompatible.
    Type 'ResolverOptions<{ supplierId: string; transactionDate: string; dueDate: string; items: { itemId: string; quantity: number; unitPrice: number; vatRate: number; }[]; notes?: string | undefined; }>' is not assignable to type 'ResolverOptions<{ supplierId: string; transactionDate: string; dueDate: string; items: { itemId: string; quantity: unknown; unitPrice: unknown; vatRate?: unknown; }[]; notes?: string | undefined; }>'.
      Type '{ itemId: string; quantity: unknown; unitPrice: unknown; vatRate?: unknown; }[]' is not assignable to type '{ itemId: string; quantity: number; unitPrice: number; vatRate: number; }[]'.
        Type '{ itemId: string; quantity: unknown; unitPrice: unknown; vatRate?: unknown; }' is not assignable to type '{ itemId: string; quantity: number; unitPrice: number; vatRate: number; }'.
          Types of property 'quantity' are incompatible.
            Type 'unknown' is not assignable to type 'number'.
src/components/procurement/po-form.tsx(66,47): error TS2345: Argument of type '{ supplierId: string; transactionDate: string; dueDate: string; items: { itemId: string; quantity: number; unitPrice: number; vatRate: number; }[]; notes?: string | undefined; }' is not assignable to parameter of type '{ supplierId: string; orderDate: string; items: { itemId: string; quantity: number; unitPrice: number; vatRate: number; }[]; deliveryDate?: string | undefined; notes?: string | undefined; }'.
  Property 'orderDate' is missing in type '{ supplierId: string; transactionDate: string; dueDate: string; items: { itemId: string; quantity: number; unitPrice: number; vatRate: number; }[]; notes?: string | undefined; }' but required in type '{ supplierId: string; orderDate: string; items: { itemId: string; quantity: number; unitPrice: number; vatRate: number; }[]; deliveryDate?: string | undefined; notes?: string | undefined; }'.
src/components/procurement/po-form.tsx(88,41): error TS2345: Argument of type '(data: { supplierId: string; transactionDate: string; dueDate: string; items: { itemId: string; quantity: number; unitPrice: number; vatRate: number; }[]; notes?: string | undefined; }) => Promise<void>' is not assignable to parameter of type 'SubmitHandler<TFieldValues>'.
  Types of parameters 'data' and 'data' are incompatible.
    Type 'TFieldValues' is not assignable to type '{ supplierId: string; transactionDate: string; dueDate: string; items: { itemId: string; quantity: number; unitPrice: number; vatRate: number; }[]; notes?: string | undefined; }'.
      Type 'FieldValues' is missing the following properties from type '{ supplierId: string; transactionDate: string; dueDate: string; items: { itemId: string; quantity: number; unitPrice: number; vatRate: number; }[]; notes?: string | undefined; }': supplierId, transactionDate, dueDate, items
src/components/procurement/po-form.tsx(96,15): error TS2322: Type 'Control<{ supplierId: string; transactionDate: string; dueDate: string; items: { itemId: string; quantity: number; unitPrice: number; vatRate: number; }[]; notes?: string | undefined; }, any, TFieldValues>' is not assignable to type 'Control<{ supplierId: string; transactionDate: string; dueDate: string; items: { itemId: string; quantity: number; unitPrice: number; vatRate: number; }[]; notes?: string | undefined; }, any, { supplierId: string; transactionDate: string; dueDate: string; items: { ...; }[]; notes?: string | undefined; }>'.
  The types of '_options.resolver' are incompatible between these types.
    Type 'Resolver<{ supplierId: string; transactionDate: string; dueDate: string; items: { itemId: string; quantity: number; unitPrice: number; vatRate: number; }[]; notes?: string | undefined; }, any, TFieldValues> | undefined' is not assignable to type 'Resolver<{ supplierId: string; transactionDate: string; dueDate: string; items: { itemId: string; quantity: number; unitPrice: number; vatRate: number; }[]; notes?: string | undefined; }, any, { supplierId: string; transactionDate: string; dueDate: string; items: { ...; }[]; notes?: string | undefined; }> | undefined'.
      Type 'Resolver<{ supplierId: string; transactionDate: string; dueDate: string; items: { itemId: string; quantity: number; unitPrice: number; vatRate: number; }[]; notes?: string | undefined; }, any, TFieldValues>' is not assignable to type 'Resolver<{ supplierId: string; transactionDate: string; dueDate: string; items: { itemId: string; quantity: number; unitPrice: number; vatRate: number; }[]; notes?: string | undefined; }, any, { supplierId: string; transactionDate: string; dueDate: string; items: { ...; }[]; notes?: string | undefined; }>'.
        Type 'ResolverResult<{ supplierId: string; transactionDate: string; dueDate: string; items: { itemId: string; quantity: number; unitPrice: number; vatRate: number; }[]; notes?: string | undefined; }, TFieldValues> | Promise<...>' is not assignable to type 'ResolverResult<{ supplierId: string; transactionDate: string; dueDate: string; items: { itemId: string; quantity: number; unitPrice: number; vatRate: number; }[]; notes?: string | undefined; }, { supplierId: string; transactionDate: string; dueDate: string; items: { ...; }[]; notes?: string | undefined; }> | Promise...'.
          Type 'ResolverSuccess<TFieldValues>' is not assignable to type 'ResolverResult<{ supplierId: string; transactionDate: string; dueDate: string; items: { itemId: string; quantity: number; unitPrice: number; vatRate: number; }[]; notes?: string | undefined; }, { supplierId: string; transactionDate: string; dueDate: string; items: { ...; }[]; notes?: string | undefined; }> | Promise...'.
            Type 'ResolverSuccess<TFieldValues>' is not assignable to type 'ResolverSuccess<{ supplierId: string; transactionDate: string; dueDate: string; items: { itemId: string; quantity: number; unitPrice: number; vatRate: number; }[]; notes?: string | undefined; }>'.
              Type 'TFieldValues' is not assignable to type '{ supplierId: string; transactionDate: string; dueDate: string; items: { itemId: string; quantity: number; unitPrice: number; vatRate: number; }[]; notes?: string | undefined; }'.
                Type 'FieldValues' is missing the following properties from type '{ supplierId: string; transactionDate: string; dueDate: string; items: { itemId: string; quantity: number; unitPrice: number; vatRate: number; }[]; notes?: string | undefined; }': supplierId, transactionDate, dueDate, items
src/components/procurement/po-form.tsx(118,15): error TS2322: Type 'Control<{ supplierId: string; transactionDate: string; dueDate: string; items: { itemId: string; quantity: number; unitPrice: number; vatRate: number; }[]; notes?: string | undefined; }, any, TFieldValues>' is not assignable to type 'Control<{ supplierId: string; transactionDate: string; dueDate: string; items: { itemId: string; quantity: number; unitPrice: number; vatRate: number; }[]; notes?: string | undefined; }, any, { supplierId: string; transactionDate: string; dueDate: string; items: { ...; }[]; notes?: string | undefined; }>'.
  The types of '_options.resolver' are incompatible between these types.
    Type 'Resolver<{ supplierId: string; transactionDate: string; dueDate: string; items: { itemId: string; quantity: number; unitPrice: number; vatRate: number; }[]; notes?: string | undefined; }, any, TFieldValues> | undefined' is not assignable to type 'Resolver<{ supplierId: string; transactionDate: string; dueDate: string; items: { itemId: string; quantity: number; unitPrice: number; vatRate: number; }[]; notes?: string | undefined; }, any, { supplierId: string; transactionDate: string; dueDate: string; items: { ...; }[]; notes?: string | undefined; }> | undefined'.
      Type 'Resolver<{ supplierId: string; transactionDate: string; dueDate: string; items: { itemId: string; quantity: number; unitPrice: number; vatRate: number; }[]; notes?: string | undefined; }, any, TFieldValues>' is not assignable to type 'Resolver<{ supplierId: string; transactionDate: string; dueDate: string; items: { itemId: string; quantity: number; unitPrice: number; vatRate: number; }[]; notes?: string | undefined; }, any, { supplierId: string; transactionDate: string; dueDate: string; items: { ...; }[]; notes?: string | undefined; }>'.
        Type 'ResolverResult<{ supplierId: string; transactionDate: string; dueDate: string; items: { itemId: string; quantity: number; unitPrice: number; vatRate: number; }[]; notes?: string | undefined; }, TFieldValues> | Promise<...>' is not assignable to type 'ResolverResult<{ supplierId: string; transactionDate: string; dueDate: string; items: { itemId: string; quantity: number; unitPrice: number; vatRate: number; }[]; notes?: string | undefined; }, { supplierId: string; transactionDate: string; dueDate: string; items: { ...; }[]; notes?: string | undefined; }> | Promise...'.
          Type 'ResolverSuccess<TFieldValues>' is not assignable to type 'ResolverResult<{ supplierId: string; transactionDate: string; dueDate: string; items: { itemId: string; quantity: number; unitPrice: number; vatRate: number; }[]; notes?: string | undefined; }, { supplierId: string; transactionDate: string; dueDate: string; items: { ...; }[]; notes?: string | undefined; }> | Promise...'.
            Type 'ResolverSuccess<TFieldValues>' is not assignable to type 'ResolverSuccess<{ supplierId: string; transactionDate: string; dueDate: string; items: { itemId: string; quantity: number; unitPrice: number; vatRate: number; }[]; notes?: string | undefined; }>'.
              Type 'TFieldValues' is not assignable to type '{ supplierId: string; transactionDate: string; dueDate: string; items: { itemId: string; quantity: number; unitPrice: number; vatRate: number; }[]; notes?: string | undefined; }'.
                Type 'FieldValues' is missing the following properties from type '{ supplierId: string; transactionDate: string; dueDate: string; items: { itemId: string; quantity: number; unitPrice: number; vatRate: number; }[]; notes?: string | undefined; }': supplierId, transactionDate, dueDate, items
src/components/procurement/po-form.tsx(131,15): error TS2322: Type 'Control<{ supplierId: string; transactionDate: string; dueDate: string; items: { itemId: string; quantity: number; unitPrice: number; vatRate: number; }[]; notes?: string | undefined; }, any, TFieldValues>' is not assignable to type 'Control<{ supplierId: string; transactionDate: string; dueDate: string; items: { itemId: string; quantity: number; unitPrice: number; vatRate: number; }[]; notes?: string | undefined; }, any, { supplierId: string; transactionDate: string; dueDate: string; items: { ...; }[]; notes?: string | undefined; }>'.
  The types of '_options.resolver' are incompatible between these types.
    Type 'Resolver<{ supplierId: string; transactionDate: string; dueDate: string; items: { itemId: string; quantity: number; unitPrice: number; vatRate: number; }[]; notes?: string | undefined; }, any, TFieldValues> | undefined' is not assignable to type 'Resolver<{ supplierId: string; transactionDate: string; dueDate: string; items: { itemId: string; quantity: number; unitPrice: number; vatRate: number; }[]; notes?: string | undefined; }, any, { supplierId: string; transactionDate: string; dueDate: string; items: { ...; }[]; notes?: string | undefined; }> | undefined'.
      Type 'Resolver<{ supplierId: string; transactionDate: string; dueDate: string; items: { itemId: string; quantity: number; unitPrice: number; vatRate: number; }[]; notes?: string | undefined; }, any, TFieldValues>' is not assignable to type 'Resolver<{ supplierId: string; transactionDate: string; dueDate: string; items: { itemId: string; quantity: number; unitPrice: number; vatRate: number; }[]; notes?: string | undefined; }, any, { supplierId: string; transactionDate: string; dueDate: string; items: { ...; }[]; notes?: string | undefined; }>'.
        Type 'ResolverResult<{ supplierId: string; transactionDate: string; dueDate: string; items: { itemId: string; quantity: number; unitPrice: number; vatRate: number; }[]; notes?: string | undefined; }, TFieldValues> | Promise<...>' is not assignable to type 'ResolverResult<{ supplierId: string; transactionDate: string; dueDate: string; items: { itemId: string; quantity: number; unitPrice: number; vatRate: number; }[]; notes?: string | undefined; }, { supplierId: string; transactionDate: string; dueDate: string; items: { ...; }[]; notes?: string | undefined; }> | Promise...'.
          Type 'ResolverSuccess<TFieldValues>' is not assignable to type 'ResolverResult<{ supplierId: string; transactionDate: string; dueDate: string; items: { itemId: string; quantity: number; unitPrice: number; vatRate: number; }[]; notes?: string | undefined; }, { supplierId: string; transactionDate: string; dueDate: string; items: { ...; }[]; notes?: string | undefined; }> | Promise...'.
            Type 'ResolverSuccess<TFieldValues>' is not assignable to type 'ResolverSuccess<{ supplierId: string; transactionDate: string; dueDate: string; items: { itemId: string; quantity: number; unitPrice: number; vatRate: number; }[]; notes?: string | undefined; }>'.
              Type 'TFieldValues' is not assignable to type '{ supplierId: string; transactionDate: string; dueDate: string; items: { itemId: string; quantity: number; unitPrice: number; vatRate: number; }[]; notes?: string | undefined; }'.
                Type 'FieldValues' is missing the following properties from type '{ supplierId: string; transactionDate: string; dueDate: string; items: { itemId: string; quantity: number; unitPrice: number; vatRate: number; }[]; notes?: string | undefined; }': supplierId, transactionDate, dueDate, items
src/components/procurement/po-form.tsx(151,33): error TS2322: Type 'Control<{ supplierId: string; transactionDate: string; dueDate: string; items: { itemId: string; quantity: number; unitPrice: number; vatRate: number; }[]; notes?: string | undefined; }, any, TFieldValues>' is not assignable to type 'Control<{ supplierId: string; transactionDate: string; dueDate: string; items: { itemId: string; quantity: number; unitPrice: number; vatRate: number; }[]; notes?: string | undefined; }, any, { supplierId: string; transactionDate: string; dueDate: string; items: { ...; }[]; notes?: string | undefined; }>'.
  The types of '_options.resolver' are incompatible between these types.
    Type 'Resolver<{ supplierId: string; transactionDate: string; dueDate: string; items: { itemId: string; quantity: number; unitPrice: number; vatRate: number; }[]; notes?: string | undefined; }, any, TFieldValues> | undefined' is not assignable to type 'Resolver<{ supplierId: string; transactionDate: string; dueDate: string; items: { itemId: string; quantity: number; unitPrice: number; vatRate: number; }[]; notes?: string | undefined; }, any, { supplierId: string; transactionDate: string; dueDate: string; items: { ...; }[]; notes?: string | undefined; }> | undefined'.
      Type 'Resolver<{ supplierId: string; transactionDate: string; dueDate: string; items: { itemId: string; quantity: number; unitPrice: number; vatRate: number; }[]; notes?: string | undefined; }, any, TFieldValues>' is not assignable to type 'Resolver<{ supplierId: string; transactionDate: string; dueDate: string; items: { itemId: string; quantity: number; unitPrice: number; vatRate: number; }[]; notes?: string | undefined; }, any, { supplierId: string; transactionDate: string; dueDate: string; items: { ...; }[]; notes?: string | undefined; }>'.
        Type 'ResolverResult<{ supplierId: string; transactionDate: string; dueDate: string; items: { itemId: string; quantity: number; unitPrice: number; vatRate: number; }[]; notes?: string | undefined; }, TFieldValues> | Promise<...>' is not assignable to type 'ResolverResult<{ supplierId: string; transactionDate: string; dueDate: string; items: { itemId: string; quantity: number; unitPrice: number; vatRate: number; }[]; notes?: string | undefined; }, { supplierId: string; transactionDate: string; dueDate: string; items: { ...; }[]; notes?: string | undefined; }> | Promise...'.
          Type 'ResolverSuccess<TFieldValues>' is not assignable to type 'ResolverResult<{ supplierId: string; transactionDate: string; dueDate: string; items: { itemId: string; quantity: number; unitPrice: number; vatRate: number; }[]; notes?: string | undefined; }, { supplierId: string; transactionDate: string; dueDate: string; items: { ...; }[]; notes?: string | undefined; }> | Promise...'.
            Type 'ResolverSuccess<TFieldValues>' is not assignable to type 'ResolverSuccess<{ supplierId: string; transactionDate: string; dueDate: string; items: { itemId: string; quantity: number; unitPrice: number; vatRate: number; }[]; notes?: string | undefined; }>'.
              Type 'TFieldValues' is not assignable to type '{ supplierId: string; transactionDate: string; dueDate: string; items: { itemId: string; quantity: number; unitPrice: number; vatRate: number; }[]; notes?: string | undefined; }'.
                Type 'FieldValues' is missing the following properties from type '{ supplierId: string; transactionDate: string; dueDate: string; items: { itemId: string; quantity: number; unitPrice: number; vatRate: number; }[]; notes?: string | undefined; }': supplierId, transactionDate, dueDate, items
src/components/procurement/po-form.tsx(179,33): error TS2322: Type 'Control<{ supplierId: string; transactionDate: string; dueDate: string; items: { itemId: string; quantity: number; unitPrice: number; vatRate: number; }[]; notes?: string | undefined; }, any, TFieldValues>' is not assignable to type 'Control<{ supplierId: string; transactionDate: string; dueDate: string; items: { itemId: string; quantity: number; unitPrice: number; vatRate: number; }[]; notes?: string | undefined; }, any, { supplierId: string; transactionDate: string; dueDate: string; items: { ...; }[]; notes?: string | undefined; }>'.
  The types of '_options.resolver' are incompatible between these types.
    Type 'Resolver<{ supplierId: string; transactionDate: string; dueDate: string; items: { itemId: string; quantity: number; unitPrice: number; vatRate: number; }[]; notes?: string | undefined; }, any, TFieldValues> | undefined' is not assignable to type 'Resolver<{ supplierId: string; transactionDate: string; dueDate: string; items: { itemId: string; quantity: number; unitPrice: number; vatRate: number; }[]; notes?: string | undefined; }, any, { supplierId: string; transactionDate: string; dueDate: string; items: { ...; }[]; notes?: string | undefined; }> | undefined'.
      Type 'Resolver<{ supplierId: string; transactionDate: string; dueDate: string; items: { itemId: string; quantity: number; unitPrice: number; vatRate: number; }[]; notes?: string | undefined; }, any, TFieldValues>' is not assignable to type 'Resolver<{ supplierId: string; transactionDate: string; dueDate: string; items: { itemId: string; quantity: number; unitPrice: number; vatRate: number; }[]; notes?: string | undefined; }, any, { supplierId: string; transactionDate: string; dueDate: string; items: { ...; }[]; notes?: string | undefined; }>'.
        Type 'ResolverResult<{ supplierId: string; transactionDate: string; dueDate: string; items: { itemId: string; quantity: number; unitPrice: number; vatRate: number; }[]; notes?: string | undefined; }, TFieldValues> | Promise<...>' is not assignable to type 'ResolverResult<{ supplierId: string; transactionDate: string; dueDate: string; items: { itemId: string; quantity: number; unitPrice: number; vatRate: number; }[]; notes?: string | undefined; }, { supplierId: string; transactionDate: string; dueDate: string; items: { ...; }[]; notes?: string | undefined; }> | Promise...'.
          Type 'ResolverSuccess<TFieldValues>' is not assignable to type 'ResolverResult<{ supplierId: string; transactionDate: string; dueDate: string; items: { itemId: string; quantity: number; unitPrice: number; vatRate: number; }[]; notes?: string | undefined; }, { supplierId: string; transactionDate: string; dueDate: string; items: { ...; }[]; notes?: string | undefined; }> | Promise...'.
            Type 'ResolverSuccess<TFieldValues>' is not assignable to type 'ResolverSuccess<{ supplierId: string; transactionDate: string; dueDate: string; items: { itemId: string; quantity: number; unitPrice: number; vatRate: number; }[]; notes?: string | undefined; }>'.
              Type 'TFieldValues' is not assignable to type '{ supplierId: string; transactionDate: string; dueDate: string; items: { itemId: string; quantity: number; unitPrice: number; vatRate: number; }[]; notes?: string | undefined; }'.
                Type 'FieldValues' is missing the following properties from type '{ supplierId: string; transactionDate: string; dueDate: string; items: { itemId: string; quantity: number; unitPrice: number; vatRate: number; }[]; notes?: string | undefined; }': supplierId, transactionDate, dueDate, items
src/components/procurement/po-form.tsx(191,33): error TS2322: Type 'Control<{ supplierId: string; transactionDate: string; dueDate: string; items: { itemId: string; quantity: number; unitPrice: number; vatRate: number; }[]; notes?: string | undefined; }, any, TFieldValues>' is not assignable to type 'Control<{ supplierId: string; transactionDate: string; dueDate: string; items: { itemId: string; quantity: number; unitPrice: number; vatRate: number; }[]; notes?: string | undefined; }, any, { supplierId: string; transactionDate: string; dueDate: string; items: { ...; }[]; notes?: string | undefined; }>'.
  The types of '_options.resolver' are incompatible between these types.
    Type 'Resolver<{ supplierId: string; transactionDate: string; dueDate: string; items: { itemId: string; quantity: number; unitPrice: number; vatRate: number; }[]; notes?: string | undefined; }, any, TFieldValues> | undefined' is not assignable to type 'Resolver<{ supplierId: string; transactionDate: string; dueDate: string; items: { itemId: string; quantity: number; unitPrice: number; vatRate: number; }[]; notes?: string | undefined; }, any, { supplierId: string; transactionDate: string; dueDate: string; items: { ...; }[]; notes?: string | undefined; }> | undefined'.
      Type 'Resolver<{ supplierId: string; transactionDate: string; dueDate: string; items: { itemId: string; quantity: number; unitPrice: number; vatRate: number; }[]; notes?: string | undefined; }, any, TFieldValues>' is not assignable to type 'Resolver<{ supplierId: string; transactionDate: string; dueDate: string; items: { itemId: string; quantity: number; unitPrice: number; vatRate: number; }[]; notes?: string | undefined; }, any, { supplierId: string; transactionDate: string; dueDate: string; items: { ...; }[]; notes?: string | undefined; }>'.
        Type 'ResolverResult<{ supplierId: string; transactionDate: string; dueDate: string; items: { itemId: string; quantity: number; unitPrice: number; vatRate: number; }[]; notes?: string | undefined; }, TFieldValues> | Promise<...>' is not assignable to type 'ResolverResult<{ supplierId: string; transactionDate: string; dueDate: string; items: { itemId: string; quantity: number; unitPrice: number; vatRate: number; }[]; notes?: string | undefined; }, { supplierId: string; transactionDate: string; dueDate: string; items: { ...; }[]; notes?: string | undefined; }> | Promise...'.
          Type 'ResolverSuccess<TFieldValues>' is not assignable to type 'ResolverResult<{ supplierId: string; transactionDate: string; dueDate: string; items: { itemId: string; quantity: number; unitPrice: number; vatRate: number; }[]; notes?: string | undefined; }, { supplierId: string; transactionDate: string; dueDate: string; items: { ...; }[]; notes?: string | undefined; }> | Promise...'.
            Type 'ResolverSuccess<TFieldValues>' is not assignable to type 'ResolverSuccess<{ supplierId: string; transactionDate: string; dueDate: string; items: { itemId: string; quantity: number; unitPrice: number; vatRate: number; }[]; notes?: string | undefined; }>'.
              Type 'TFieldValues' is not assignable to type '{ supplierId: string; transactionDate: string; dueDate: string; items: { itemId: string; quantity: number; unitPrice: number; vatRate: number; }[]; notes?: string | undefined; }'.
                Type 'FieldValues' is missing the following properties from type '{ supplierId: string; transactionDate: string; dueDate: string; items: { itemId: string; quantity: number; unitPrice: number; vatRate: number; }[]; notes?: string | undefined; }': supplierId, transactionDate, dueDate, items
src/components/sales/invoice-form.tsx(69,5): error TS2322: Type 'Resolver<{ customerId: string; warehouseId: string; invoiceDate: Date; dueDate: Date; items: { itemId: string; quantity: unknown; unitPrice: unknown; discountAmount?: unknown; taxRate?: unknown; }[]; }, any, { customerId: string; warehouseId: string; invoiceDate: Date; dueDate: Date; items: { ...; }[]; }>' is not assignable to type 'Resolver<{ customerId: string; warehouseId: string; invoiceDate: Date; dueDate: Date; items: { itemId: string; quantity: number; unitPrice: number; discountAmount: number; taxRate: number; }[]; }, any, { ...; }>'.
  Types of parameters 'options' and 'options' are incompatible.
    Type 'ResolverOptions<{ customerId: string; warehouseId: string; invoiceDate: Date; dueDate: Date; items: { itemId: string; quantity: number; unitPrice: number; discountAmount: number; taxRate: number; }[]; }>' is not assignable to type 'ResolverOptions<{ customerId: string; warehouseId: string; invoiceDate: Date; dueDate: Date; items: { itemId: string; quantity: unknown; unitPrice: unknown; discountAmount?: unknown; taxRate?: unknown; }[]; }>'.
      Type '{ itemId: string; quantity: unknown; unitPrice: unknown; discountAmount?: unknown; taxRate?: unknown; }[]' is not assignable to type '{ itemId: string; quantity: number; unitPrice: number; discountAmount: number; taxRate: number; }[]'.
        Type '{ itemId: string; quantity: unknown; unitPrice: unknown; discountAmount?: unknown; taxRate?: unknown; }' is not assignable to type '{ itemId: string; quantity: number; unitPrice: number; discountAmount: number; taxRate: number; }'.
          Types of property 'quantity' are incompatible.
            Type 'unknown' is not assignable to type 'number'.
src/components/sales/invoice-form.tsx(74,7): error TS2353: Object literal may only specify known properties, and 'discountAmount' does not exist in type 'AsyncDefaultValues<{ customerId: string; warehouseId: string; invoiceDate: Date; dueDate: Date; items: { itemId: string; quantity: number; unitPrice: number; discountAmount: number; taxRate: number; }[]; }> | { ...; }'.
src/components/sales/invoice-form.tsx(121,13): error TS2554: Expected 2 arguments, but got 1.
src/components/sales/invoice-form.tsx(141,41): error TS2345: Argument of type '(data: { customerId: string; warehouseId: string; invoiceDate: Date; dueDate: Date; items: { itemId: string; quantity: number; unitPrice: number; discountAmount: number; taxRate: number; }[]; }) => Promise<...>' is not assignable to parameter of type 'SubmitHandler<TFieldValues>'.
  Types of parameters 'data' and 'data' are incompatible.
    Type 'TFieldValues' is not assignable to type '{ customerId: string; warehouseId: string; invoiceDate: Date; dueDate: Date; items: { itemId: string; quantity: number; unitPrice: number; discountAmount: number; taxRate: number; }[]; }'.
      Type 'FieldValues' is missing the following properties from type '{ customerId: string; warehouseId: string; invoiceDate: Date; dueDate: Date; items: { itemId: string; quantity: number; unitPrice: number; discountAmount: number; taxRate: number; }[]; }': customerId, warehouseId, invoiceDate, dueDate, items
src/components/sales/invoice-form.tsx(145,13): error TS2322: Type 'Control<{ customerId: string; warehouseId: string; invoiceDate: Date; dueDate: Date; items: { itemId: string; quantity: number; unitPrice: number; discountAmount: number; taxRate: number; }[]; }, any, TFieldValues>' is not assignable to type 'Control<{ customerId: string; warehouseId: string; invoiceDate: Date; dueDate: Date; items: { itemId: string; quantity: number; unitPrice: number; discountAmount: number; taxRate: number; }[]; }, any, { ...; }>'.
  The types of '_options.resolver' are incompatible between these types.
    Type 'Resolver<{ customerId: string; warehouseId: string; invoiceDate: Date; dueDate: Date; items: { itemId: string; quantity: number; unitPrice: number; discountAmount: number; taxRate: number; }[]; }, any, TFieldValues> | undefined' is not assignable to type 'Resolver<{ customerId: string; warehouseId: string; invoiceDate: Date; dueDate: Date; items: { itemId: string; quantity: number; unitPrice: number; discountAmount: number; taxRate: number; }[]; }, any, { ...; }> | undefined'.
      Type 'Resolver<{ customerId: string; warehouseId: string; invoiceDate: Date; dueDate: Date; items: { itemId: string; quantity: number; unitPrice: number; discountAmount: number; taxRate: number; }[]; }, any, TFieldValues>' is not assignable to type 'Resolver<{ customerId: string; warehouseId: string; invoiceDate: Date; dueDate: Date; items: { itemId: string; quantity: number; unitPrice: number; discountAmount: number; taxRate: number; }[]; }, any, { ...; }>'.
        Type 'ResolverResult<{ customerId: string; warehouseId: string; invoiceDate: Date; dueDate: Date; items: { itemId: string; quantity: number; unitPrice: number; discountAmount: number; taxRate: number; }[]; }, TFieldValues> | Promise<...>' is not assignable to type 'ResolverResult<{ customerId: string; warehouseId: string; invoiceDate: Date; dueDate: Date; items: { itemId: string; quantity: number; unitPrice: number; discountAmount: number; taxRate: number; }[]; }, { ...; }> | Promise<...>'.
          Type 'ResolverSuccess<TFieldValues>' is not assignable to type 'ResolverResult<{ customerId: string; warehouseId: string; invoiceDate: Date; dueDate: Date; items: { itemId: string; quantity: number; unitPrice: number; discountAmount: number; taxRate: number; }[]; }, { ...; }> | Promise<...>'.
            Type 'ResolverSuccess<TFieldValues>' is not assignable to type 'ResolverSuccess<{ customerId: string; warehouseId: string; invoiceDate: Date; dueDate: Date; items: { itemId: string; quantity: number; unitPrice: number; discountAmount: number; taxRate: number; }[]; }>'.
              Type 'TFieldValues' is not assignable to type '{ customerId: string; warehouseId: string; invoiceDate: Date; dueDate: Date; items: { itemId: string; quantity: number; unitPrice: number; discountAmount: number; taxRate: number; }[]; }'.
                Type 'FieldValues' is missing the following properties from type '{ customerId: string; warehouseId: string; invoiceDate: Date; dueDate: Date; items: { itemId: string; quantity: number; unitPrice: number; discountAmount: number; taxRate: number; }[]; }': customerId, warehouseId, invoiceDate, dueDate, items
src/components/sales/invoice-form.tsx(170,13): error TS2322: Type 'Control<{ customerId: string; warehouseId: string; invoiceDate: Date; dueDate: Date; items: { itemId: string; quantity: number; unitPrice: number; discountAmount: number; taxRate: number; }[]; }, any, TFieldValues>' is not assignable to type 'Control<{ customerId: string; warehouseId: string; invoiceDate: Date; dueDate: Date; items: { itemId: string; quantity: number; unitPrice: number; discountAmount: number; taxRate: number; }[]; }, any, { ...; }>'.
  The types of '_options.resolver' are incompatible between these types.
    Type 'Resolver<{ customerId: string; warehouseId: string; invoiceDate: Date; dueDate: Date; items: { itemId: string; quantity: number; unitPrice: number; discountAmount: number; taxRate: number; }[]; }, any, TFieldValues> | undefined' is not assignable to type 'Resolver<{ customerId: string; warehouseId: string; invoiceDate: Date; dueDate: Date; items: { itemId: string; quantity: number; unitPrice: number; discountAmount: number; taxRate: number; }[]; }, any, { ...; }> | undefined'.
      Type 'Resolver<{ customerId: string; warehouseId: string; invoiceDate: Date; dueDate: Date; items: { itemId: string; quantity: number; unitPrice: number; discountAmount: number; taxRate: number; }[]; }, any, TFieldValues>' is not assignable to type 'Resolver<{ customerId: string; warehouseId: string; invoiceDate: Date; dueDate: Date; items: { itemId: string; quantity: number; unitPrice: number; discountAmount: number; taxRate: number; }[]; }, any, { ...; }>'.
        Type 'ResolverResult<{ customerId: string; warehouseId: string; invoiceDate: Date; dueDate: Date; items: { itemId: string; quantity: number; unitPrice: number; discountAmount: number; taxRate: number; }[]; }, TFieldValues> | Promise<...>' is not assignable to type 'ResolverResult<{ customerId: string; warehouseId: string; invoiceDate: Date; dueDate: Date; items: { itemId: string; quantity: number; unitPrice: number; discountAmount: number; taxRate: number; }[]; }, { ...; }> | Promise<...>'.
          Type 'ResolverSuccess<TFieldValues>' is not assignable to type 'ResolverResult<{ customerId: string; warehouseId: string; invoiceDate: Date; dueDate: Date; items: { itemId: string; quantity: number; unitPrice: number; discountAmount: number; taxRate: number; }[]; }, { ...; }> | Promise<...>'.
            Type 'ResolverSuccess<TFieldValues>' is not assignable to type 'ResolverSuccess<{ customerId: string; warehouseId: string; invoiceDate: Date; dueDate: Date; items: { itemId: string; quantity: number; unitPrice: number; discountAmount: number; taxRate: number; }[]; }>'.
              Type 'TFieldValues' is not assignable to type '{ customerId: string; warehouseId: string; invoiceDate: Date; dueDate: Date; items: { itemId: string; quantity: number; unitPrice: number; discountAmount: number; taxRate: number; }[]; }'.
                Type 'FieldValues' is missing the following properties from type '{ customerId: string; warehouseId: string; invoiceDate: Date; dueDate: Date; items: { itemId: string; quantity: number; unitPrice: number; discountAmount: number; taxRate: number; }[]; }': customerId, warehouseId, invoiceDate, dueDate, items
src/components/sales/invoice-form.tsx(197,13): error TS2322: Type 'Control<{ customerId: string; warehouseId: string; invoiceDate: Date; dueDate: Date; items: { itemId: string; quantity: number; unitPrice: number; discountAmount: number; taxRate: number; }[]; }, any, TFieldValues>' is not assignable to type 'Control<{ customerId: string; warehouseId: string; invoiceDate: Date; dueDate: Date; items: { itemId: string; quantity: number; unitPrice: number; discountAmount: number; taxRate: number; }[]; }, any, { ...; }>'.
  The types of '_options.resolver' are incompatible between these types.
    Type 'Resolver<{ customerId: string; warehouseId: string; invoiceDate: Date; dueDate: Date; items: { itemId: string; quantity: number; unitPrice: number; discountAmount: number; taxRate: number; }[]; }, any, TFieldValues> | undefined' is not assignable to type 'Resolver<{ customerId: string; warehouseId: string; invoiceDate: Date; dueDate: Date; items: { itemId: string; quantity: number; unitPrice: number; discountAmount: number; taxRate: number; }[]; }, any, { ...; }> | undefined'.
      Type 'Resolver<{ customerId: string; warehouseId: string; invoiceDate: Date; dueDate: Date; items: { itemId: string; quantity: number; unitPrice: number; discountAmount: number; taxRate: number; }[]; }, any, TFieldValues>' is not assignable to type 'Resolver<{ customerId: string; warehouseId: string; invoiceDate: Date; dueDate: Date; items: { itemId: string; quantity: number; unitPrice: number; discountAmount: number; taxRate: number; }[]; }, any, { ...; }>'.
        Type 'ResolverResult<{ customerId: string; warehouseId: string; invoiceDate: Date; dueDate: Date; items: { itemId: string; quantity: number; unitPrice: number; discountAmount: number; taxRate: number; }[]; }, TFieldValues> | Promise<...>' is not assignable to type 'ResolverResult<{ customerId: string; warehouseId: string; invoiceDate: Date; dueDate: Date; items: { itemId: string; quantity: number; unitPrice: number; discountAmount: number; taxRate: number; }[]; }, { ...; }> | Promise<...>'.
          Type 'ResolverSuccess<TFieldValues>' is not assignable to type 'ResolverResult<{ customerId: string; warehouseId: string; invoiceDate: Date; dueDate: Date; items: { itemId: string; quantity: number; unitPrice: number; discountAmount: number; taxRate: number; }[]; }, { ...; }> | Promise<...>'.
            Type 'ResolverSuccess<TFieldValues>' is not assignable to type 'ResolverSuccess<{ customerId: string; warehouseId: string; invoiceDate: Date; dueDate: Date; items: { itemId: string; quantity: number; unitPrice: number; discountAmount: number; taxRate: number; }[]; }>'.
              Type 'TFieldValues' is not assignable to type '{ customerId: string; warehouseId: string; invoiceDate: Date; dueDate: Date; items: { itemId: string; quantity: number; unitPrice: number; discountAmount: number; taxRate: number; }[]; }'.
                Type 'FieldValues' is missing the following properties from type '{ customerId: string; warehouseId: string; invoiceDate: Date; dueDate: Date; items: { itemId: string; quantity: number; unitPrice: number; discountAmount: number; taxRate: number; }[]; }': customerId, warehouseId, invoiceDate, dueDate, items
src/components/sales/invoice-form.tsx(224,13): error TS2322: Type 'Control<{ customerId: string; warehouseId: string; invoiceDate: Date; dueDate: Date; items: { itemId: string; quantity: number; unitPrice: number; discountAmount: number; taxRate: number; }[]; }, any, TFieldValues>' is not assignable to type 'Control<{ customerId: string; warehouseId: string; invoiceDate: Date; dueDate: Date; items: { itemId: string; quantity: number; unitPrice: number; discountAmount: number; taxRate: number; }[]; }, any, { ...; }>'.
  The types of '_options.resolver' are incompatible between these types.
    Type 'Resolver<{ customerId: string; warehouseId: string; invoiceDate: Date; dueDate: Date; items: { itemId: string; quantity: number; unitPrice: number; discountAmount: number; taxRate: number; }[]; }, any, TFieldValues> | undefined' is not assignable to type 'Resolver<{ customerId: string; warehouseId: string; invoiceDate: Date; dueDate: Date; items: { itemId: string; quantity: number; unitPrice: number; discountAmount: number; taxRate: number; }[]; }, any, { ...; }> | undefined'.
      Type 'Resolver<{ customerId: string; warehouseId: string; invoiceDate: Date; dueDate: Date; items: { itemId: string; quantity: number; unitPrice: number; discountAmount: number; taxRate: number; }[]; }, any, TFieldValues>' is not assignable to type 'Resolver<{ customerId: string; warehouseId: string; invoiceDate: Date; dueDate: Date; items: { itemId: string; quantity: number; unitPrice: number; discountAmount: number; taxRate: number; }[]; }, any, { ...; }>'.
        Type 'ResolverResult<{ customerId: string; warehouseId: string; invoiceDate: Date; dueDate: Date; items: { itemId: string; quantity: number; unitPrice: number; discountAmount: number; taxRate: number; }[]; }, TFieldValues> | Promise<...>' is not assignable to type 'ResolverResult<{ customerId: string; warehouseId: string; invoiceDate: Date; dueDate: Date; items: { itemId: string; quantity: number; unitPrice: number; discountAmount: number; taxRate: number; }[]; }, { ...; }> | Promise<...>'.
          Type 'ResolverSuccess<TFieldValues>' is not assignable to type 'ResolverResult<{ customerId: string; warehouseId: string; invoiceDate: Date; dueDate: Date; items: { itemId: string; quantity: number; unitPrice: number; discountAmount: number; taxRate: number; }[]; }, { ...; }> | Promise<...>'.
            Type 'ResolverSuccess<TFieldValues>' is not assignable to type 'ResolverSuccess<{ customerId: string; warehouseId: string; invoiceDate: Date; dueDate: Date; items: { itemId: string; quantity: number; unitPrice: number; discountAmount: number; taxRate: number; }[]; }>'.
              Type 'TFieldValues' is not assignable to type '{ customerId: string; warehouseId: string; invoiceDate: Date; dueDate: Date; items: { itemId: string; quantity: number; unitPrice: number; discountAmount: number; taxRate: number; }[]; }'.
                Type 'FieldValues' is missing the following properties from type '{ customerId: string; warehouseId: string; invoiceDate: Date; dueDate: Date; items: { itemId: string; quantity: number; unitPrice: number; discountAmount: number; taxRate: number; }[]; }': customerId, warehouseId, invoiceDate, dueDate, items
src/components/sales/invoice-form.tsx(269,41): error TS2322: Type 'Control<{ customerId: string; warehouseId: string; invoiceDate: Date; dueDate: Date; items: { itemId: string; quantity: number; unitPrice: number; discountAmount: number; taxRate: number; }[]; }, any, TFieldValues>' is not assignable to type 'Control<{ customerId: string; warehouseId: string; invoiceDate: Date; dueDate: Date; items: { itemId: string; quantity: number; unitPrice: number; discountAmount: number; taxRate: number; }[]; }, any, { ...; }>'.
  The types of '_options.resolver' are incompatible between these types.
    Type 'Resolver<{ customerId: string; warehouseId: string; invoiceDate: Date; dueDate: Date; items: { itemId: string; quantity: number; unitPrice: number; discountAmount: number; taxRate: number; }[]; }, any, TFieldValues> | undefined' is not assignable to type 'Resolver<{ customerId: string; warehouseId: string; invoiceDate: Date; dueDate: Date; items: { itemId: string; quantity: number; unitPrice: number; discountAmount: number; taxRate: number; }[]; }, any, { ...; }> | undefined'.
      Type 'Resolver<{ customerId: string; warehouseId: string; invoiceDate: Date; dueDate: Date; items: { itemId: string; quantity: number; unitPrice: number; discountAmount: number; taxRate: number; }[]; }, any, TFieldValues>' is not assignable to type 'Resolver<{ customerId: string; warehouseId: string; invoiceDate: Date; dueDate: Date; items: { itemId: string; quantity: number; unitPrice: number; discountAmount: number; taxRate: number; }[]; }, any, { ...; }>'.
        Type 'ResolverResult<{ customerId: string; warehouseId: string; invoiceDate: Date; dueDate: Date; items: { itemId: string; quantity: number; unitPrice: number; discountAmount: number; taxRate: number; }[]; }, TFieldValues> | Promise<...>' is not assignable to type 'ResolverResult<{ customerId: string; warehouseId: string; invoiceDate: Date; dueDate: Date; items: { itemId: string; quantity: number; unitPrice: number; discountAmount: number; taxRate: number; }[]; }, { ...; }> | Promise<...>'.
          Type 'ResolverSuccess<TFieldValues>' is not assignable to type 'ResolverResult<{ customerId: string; warehouseId: string; invoiceDate: Date; dueDate: Date; items: { itemId: string; quantity: number; unitPrice: number; discountAmount: number; taxRate: number; }[]; }, { ...; }> | Promise<...>'.
            Type 'ResolverSuccess<TFieldValues>' is not assignable to type 'ResolverSuccess<{ customerId: string; warehouseId: string; invoiceDate: Date; dueDate: Date; items: { itemId: string; quantity: number; unitPrice: number; discountAmount: number; taxRate: number; }[]; }>'.
              Type 'TFieldValues' is not assignable to type '{ customerId: string; warehouseId: string; invoiceDate: Date; dueDate: Date; items: { itemId: string; quantity: number; unitPrice: number; discountAmount: number; taxRate: number; }[]; }'.
                Type 'FieldValues' is missing the following properties from type '{ customerId: string; warehouseId: string; invoiceDate: Date; dueDate: Date; items: { itemId: string; quantity: number; unitPrice: number; discountAmount: number; taxRate: number; }[]; }': customerId, warehouseId, invoiceDate, dueDate, items
src/components/sales/invoice-form.tsx(287,41): error TS2322: Type 'Control<{ customerId: string; warehouseId: string; invoiceDate: Date; dueDate: Date; items: { itemId: string; quantity: number; unitPrice: number; discountAmount: number; taxRate: number; }[]; }, any, TFieldValues>' is not assignable to type 'Control<{ customerId: string; warehouseId: string; invoiceDate: Date; dueDate: Date; items: { itemId: string; quantity: number; unitPrice: number; discountAmount: number; taxRate: number; }[]; }, any, { ...; }>'.
  The types of '_options.resolver' are incompatible between these types.
    Type 'Resolver<{ customerId: string; warehouseId: string; invoiceDate: Date; dueDate: Date; items: { itemId: string; quantity: number; unitPrice: number; discountAmount: number; taxRate: number; }[]; }, any, TFieldValues> | undefined' is not assignable to type 'Resolver<{ customerId: string; warehouseId: string; invoiceDate: Date; dueDate: Date; items: { itemId: string; quantity: number; unitPrice: number; discountAmount: number; taxRate: number; }[]; }, any, { ...; }> | undefined'.
      Type 'Resolver<{ customerId: string; warehouseId: string; invoiceDate: Date; dueDate: Date; items: { itemId: string; quantity: number; unitPrice: number; discountAmount: number; taxRate: number; }[]; }, any, TFieldValues>' is not assignable to type 'Resolver<{ customerId: string; warehouseId: string; invoiceDate: Date; dueDate: Date; items: { itemId: string; quantity: number; unitPrice: number; discountAmount: number; taxRate: number; }[]; }, any, { ...; }>'.
        Type 'ResolverResult<{ customerId: string; warehouseId: string; invoiceDate: Date; dueDate: Date; items: { itemId: string; quantity: number; unitPrice: number; discountAmount: number; taxRate: number; }[]; }, TFieldValues> | Promise<...>' is not assignable to type 'ResolverResult<{ customerId: string; warehouseId: string; invoiceDate: Date; dueDate: Date; items: { itemId: string; quantity: number; unitPrice: number; discountAmount: number; taxRate: number; }[]; }, { ...; }> | Promise<...>'.
          Type 'ResolverSuccess<TFieldValues>' is not assignable to type 'ResolverResult<{ customerId: string; warehouseId: string; invoiceDate: Date; dueDate: Date; items: { itemId: string; quantity: number; unitPrice: number; discountAmount: number; taxRate: number; }[]; }, { ...; }> | Promise<...>'.
            Type 'ResolverSuccess<TFieldValues>' is not assignable to type 'ResolverSuccess<{ customerId: string; warehouseId: string; invoiceDate: Date; dueDate: Date; items: { itemId: string; quantity: number; unitPrice: number; discountAmount: number; taxRate: number; }[]; }>'.
              Type 'TFieldValues' is not assignable to type '{ customerId: string; warehouseId: string; invoiceDate: Date; dueDate: Date; items: { itemId: string; quantity: number; unitPrice: number; discountAmount: number; taxRate: number; }[]; }'.
                Type 'FieldValues' is missing the following properties from type '{ customerId: string; warehouseId: string; invoiceDate: Date; dueDate: Date; items: { itemId: string; quantity: number; unitPrice: number; discountAmount: number; taxRate: number; }[]; }': customerId, warehouseId, invoiceDate, dueDate, items
src/components/sales/invoice-form.tsx(294,41): error TS2322: Type 'Control<{ customerId: string; warehouseId: string; invoiceDate: Date; dueDate: Date; items: { itemId: string; quantity: number; unitPrice: number; discountAmount: number; taxRate: number; }[]; }, any, TFieldValues>' is not assignable to type 'Control<{ customerId: string; warehouseId: string; invoiceDate: Date; dueDate: Date; items: { itemId: string; quantity: number; unitPrice: number; discountAmount: number; taxRate: number; }[]; }, any, { ...; }>'.
  The types of '_options.resolver' are incompatible between these types.
    Type 'Resolver<{ customerId: string; warehouseId: string; invoiceDate: Date; dueDate: Date; items: { itemId: string; quantity: number; unitPrice: number; discountAmount: number; taxRate: number; }[]; }, any, TFieldValues> | undefined' is not assignable to type 'Resolver<{ customerId: string; warehouseId: string; invoiceDate: Date; dueDate: Date; items: { itemId: string; quantity: number; unitPrice: number; discountAmount: number; taxRate: number; }[]; }, any, { ...; }> | undefined'.
      Type 'Resolver<{ customerId: string; warehouseId: string; invoiceDate: Date; dueDate: Date; items: { itemId: string; quantity: number; unitPrice: number; discountAmount: number; taxRate: number; }[]; }, any, TFieldValues>' is not assignable to type 'Resolver<{ customerId: string; warehouseId: string; invoiceDate: Date; dueDate: Date; items: { itemId: string; quantity: number; unitPrice: number; discountAmount: number; taxRate: number; }[]; }, any, { ...; }>'.
        Type 'ResolverResult<{ customerId: string; warehouseId: string; invoiceDate: Date; dueDate: Date; items: { itemId: string; quantity: number; unitPrice: number; discountAmount: number; taxRate: number; }[]; }, TFieldValues> | Promise<...>' is not assignable to type 'ResolverResult<{ customerId: string; warehouseId: string; invoiceDate: Date; dueDate: Date; items: { itemId: string; quantity: number; unitPrice: number; discountAmount: number; taxRate: number; }[]; }, { ...; }> | Promise<...>'.
          Type 'ResolverSuccess<TFieldValues>' is not assignable to type 'ResolverResult<{ customerId: string; warehouseId: string; invoiceDate: Date; dueDate: Date; items: { itemId: string; quantity: number; unitPrice: number; discountAmount: number; taxRate: number; }[]; }, { ...; }> | Promise<...>'.
            Type 'ResolverSuccess<TFieldValues>' is not assignable to type 'ResolverSuccess<{ customerId: string; warehouseId: string; invoiceDate: Date; dueDate: Date; items: { itemId: string; quantity: number; unitPrice: number; discountAmount: number; taxRate: number; }[]; }>'.
              Type 'TFieldValues' is not assignable to type '{ customerId: string; warehouseId: string; invoiceDate: Date; dueDate: Date; items: { itemId: string; quantity: number; unitPrice: number; discountAmount: number; taxRate: number; }[]; }'.
                Type 'FieldValues' is missing the following properties from type '{ customerId: string; warehouseId: string; invoiceDate: Date; dueDate: Date; items: { itemId: string; quantity: number; unitPrice: number; discountAmount: number; taxRate: number; }[]; }': customerId, warehouseId, invoiceDate, dueDate, items
src/components/sales/invoice-form.tsx(301,41): error TS2322: Type 'Control<{ customerId: string; warehouseId: string; invoiceDate: Date; dueDate: Date; items: { itemId: string; quantity: number; unitPrice: number; discountAmount: number; taxRate: number; }[]; }, any, TFieldValues>' is not assignable to type 'Control<{ customerId: string; warehouseId: string; invoiceDate: Date; dueDate: Date; items: { itemId: string; quantity: number; unitPrice: number; discountAmount: number; taxRate: number; }[]; }, any, { ...; }>'.
  The types of '_options.resolver' are incompatible between these types.
    Type 'Resolver<{ customerId: string; warehouseId: string; invoiceDate: Date; dueDate: Date; items: { itemId: string; quantity: number; unitPrice: number; discountAmount: number; taxRate: number; }[]; }, any, TFieldValues> | undefined' is not assignable to type 'Resolver<{ customerId: string; warehouseId: string; invoiceDate: Date; dueDate: Date; items: { itemId: string; quantity: number; unitPrice: number; discountAmount: number; taxRate: number; }[]; }, any, { ...; }> | undefined'.
      Type 'Resolver<{ customerId: string; warehouseId: string; invoiceDate: Date; dueDate: Date; items: { itemId: string; quantity: number; unitPrice: number; discountAmount: number; taxRate: number; }[]; }, any, TFieldValues>' is not assignable to type 'Resolver<{ customerId: string; warehouseId: string; invoiceDate: Date; dueDate: Date; items: { itemId: string; quantity: number; unitPrice: number; discountAmount: number; taxRate: number; }[]; }, any, { ...; }>'.
        Type 'ResolverResult<{ customerId: string; warehouseId: string; invoiceDate: Date; dueDate: Date; items: { itemId: string; quantity: number; unitPrice: number; discountAmount: number; taxRate: number; }[]; }, TFieldValues> | Promise<...>' is not assignable to type 'ResolverResult<{ customerId: string; warehouseId: string; invoiceDate: Date; dueDate: Date; items: { itemId: string; quantity: number; unitPrice: number; discountAmount: number; taxRate: number; }[]; }, { ...; }> | Promise<...>'.
          Type 'ResolverSuccess<TFieldValues>' is not assignable to type 'ResolverResult<{ customerId: string; warehouseId: string; invoiceDate: Date; dueDate: Date; items: { itemId: string; quantity: number; unitPrice: number; discountAmount: number; taxRate: number; }[]; }, { ...; }> | Promise<...>'.
            Type 'ResolverSuccess<TFieldValues>' is not assignable to type 'ResolverSuccess<{ customerId: string; warehouseId: string; invoiceDate: Date; dueDate: Date; items: { itemId: string; quantity: number; unitPrice: number; discountAmount: number; taxRate: number; }[]; }>'.
              Type 'TFieldValues' is not assignable to type '{ customerId: string; warehouseId: string; invoiceDate: Date; dueDate: Date; items: { itemId: string; quantity: number; unitPrice: number; discountAmount: number; taxRate: number; }[]; }'.
                Type 'FieldValues' is missing the following properties from type '{ customerId: string; warehouseId: string; invoiceDate: Date; dueDate: Date; items: { itemId: string; quantity: number; unitPrice: number; discountAmount: number; taxRate: number; }[]; }': customerId, warehouseId, invoiceDate, dueDate, items
src/components/sales/invoice-form.tsx(308,41): error TS2322: Type 'Control<{ customerId: string; warehouseId: string; invoiceDate: Date; dueDate: Date; items: { itemId: string; quantity: number; unitPrice: number; discountAmount: number; taxRate: number; }[]; }, any, TFieldValues>' is not assignable to type 'Control<{ customerId: string; warehouseId: string; invoiceDate: Date; dueDate: Date; items: { itemId: string; quantity: number; unitPrice: number; discountAmount: number; taxRate: number; }[]; }, any, { ...; }>'.
  The types of '_options.resolver' are incompatible between these types.
    Type 'Resolver<{ customerId: string; warehouseId: string; invoiceDate: Date; dueDate: Date; items: { itemId: string; quantity: number; unitPrice: number; discountAmount: number; taxRate: number; }[]; }, any, TFieldValues> | undefined' is not assignable to type 'Resolver<{ customerId: string; warehouseId: string; invoiceDate: Date; dueDate: Date; items: { itemId: string; quantity: number; unitPrice: number; discountAmount: number; taxRate: number; }[]; }, any, { ...; }> | undefined'.
      Type 'Resolver<{ customerId: string; warehouseId: string; invoiceDate: Date; dueDate: Date; items: { itemId: string; quantity: number; unitPrice: number; discountAmount: number; taxRate: number; }[]; }, any, TFieldValues>' is not assignable to type 'Resolver<{ customerId: string; warehouseId: string; invoiceDate: Date; dueDate: Date; items: { itemId: string; quantity: number; unitPrice: number; discountAmount: number; taxRate: number; }[]; }, any, { ...; }>'.
        Type 'ResolverResult<{ customerId: string; warehouseId: string; invoiceDate: Date; dueDate: Date; items: { itemId: string; quantity: number; unitPrice: number; discountAmount: number; taxRate: number; }[]; }, TFieldValues> | Promise<...>' is not assignable to type 'ResolverResult<{ customerId: string; warehouseId: string; invoiceDate: Date; dueDate: Date; items: { itemId: string; quantity: number; unitPrice: number; discountAmount: number; taxRate: number; }[]; }, { ...; }> | Promise<...>'.
          Type 'ResolverSuccess<TFieldValues>' is not assignable to type 'ResolverResult<{ customerId: string; warehouseId: string; invoiceDate: Date; dueDate: Date; items: { itemId: string; quantity: number; unitPrice: number; discountAmount: number; taxRate: number; }[]; }, { ...; }> | Promise<...>'.
            Type 'ResolverSuccess<TFieldValues>' is not assignable to type 'ResolverSuccess<{ customerId: string; warehouseId: string; invoiceDate: Date; dueDate: Date; items: { itemId: string; quantity: number; unitPrice: number; discountAmount: number; taxRate: number; }[]; }>'.
              Type 'TFieldValues' is not assignable to type '{ customerId: string; warehouseId: string; invoiceDate: Date; dueDate: Date; items: { itemId: string; quantity: number; unitPrice: number; discountAmount: number; taxRate: number; }[]; }'.
                Type 'FieldValues' is missing the following properties from type '{ customerId: string; warehouseId: string; invoiceDate: Date; dueDate: Date; items: { itemId: string; quantity: number; unitPrice: number; discountAmount: number; taxRate: number; }[]; }': customerId, warehouseId, invoiceDate, dueDate, items
src/db/schema.ts(23,1): error TS2308: Module "./schema/sales" has already exported a member named 'salesStatusEnum'. Consider explicitly re-exporting to resolve the ambiguity.
src/lib/audit/audit-service.ts(51,23): error TS2339: Property 'eq' does not exist on type '{ currentHash: PgColumn<{ name: "current_hash"; tableName: "audit_logs"; dataType: "string"; columnType: "PgText"; data: string; driverParam: string; notNull: false; hasDefault: false; isPrimaryKey: false; ... 5 more ...; generated: undefined; }, {}, {}>; }'.
src/lib/audit/audit-service.ts(52,25): error TS2339: Property 'desc' does not exist on type '{ currentHash: PgColumn<{ name: "current_hash"; tableName: "audit_logs"; dataType: "string"; columnType: "PgText"; data: string; driverParam: string; notNull: false; hasDefault: false; isPrimaryKey: false; ... 5 more ...; generated: undefined; }, {}, {}>; }'.
src/lib/audit/audit-service.ts(104,23): error TS2339: Property 'eq' does not exist on type '{ id: PgColumn<{ name: "id"; tableName: "audit_logs"; dataType: "string"; columnType: "PgUUID"; data: string; driverParam: string; notNull: true; hasDefault: true; isPrimaryKey: true; isAutoincrement: false; ... 4 more ...; generated: undefined; }, {}, {}>; ... 12 more ...; createdAt: PgColumn<...>; }'.
src/lib/audit/audit-service.ts(105,25): error TS2339: Property 'asc' does not exist on type '{ id: PgColumn<{ name: "id"; tableName: "audit_logs"; dataType: "string"; columnType: "PgUUID"; data: string; driverParam: string; notNull: true; hasDefault: true; isPrimaryKey: true; isAutoincrement: false; ... 4 more ...; generated: undefined; }, {}, {}>; ... 12 more ...; createdAt: PgColumn<...>; }'.
src/lib/compliance/period-lock.ts(19,23): error TS2551: Property 'lockDate' does not exist on type 'PgTableWithColumns<{ name: "period_locks"; schema: undefined; columns: { id: PgColumn<{ name: "id"; tableName: "period_locks"; dataType: "string"; columnType: "PgUUID"; data: string; driverParam: string; notNull: true; hasDefault: true; ... 6 more ...; generated: undefined; }, {}, {}>; ... 11 more ...; createdAt: Pg...'. Did you mean 'lockedAt'?
src/lib/compliance/period-lock.ts(33,23): error TS2551: Property 'lockDate' does not exist on type 'PgTableWithColumns<{ name: "period_locks"; schema: undefined; columns: { id: PgColumn<{ name: "id"; tableName: "period_locks"; dataType: "string"; columnType: "PgUUID"; data: string; driverParam: string; notNull: true; hasDefault: true; ... 6 more ...; generated: undefined; }, {}, {}>; ... 11 more ...; createdAt: Pg...'. Did you mean 'lockedAt'?
src/lib/compliance/period-lock.ts(48,48): error TS2551: Property 'lockDate' does not exist on type '{ id: PgColumn<{ name: "id"; tableName: "period_locks"; dataType: "string"; columnType: "PgUUID"; data: string; driverParam: string; notNull: true; hasDefault: true; isPrimaryKey: true; isAutoincrement: false; ... 4 more ...; generated: undefined; }, {}, {}>; ... 11 more ...; createdAt: PgColumn<...>; }'. Did you mean 'lockedAt'?
src/lib/compliance/period-lock.ts(51,55): error TS2551: Property 'lockDate' does not exist on type '{ id: string; createdAt: Date; companyId: string; branchId: string | null; module: string; fiscalYear: number; lockedAt: Date; lockedBy: string; periodMonth: number; lockType: string; unlockReason: string | null; unlockedAt: Date | null; unlockedBy: string | null; }'. Did you mean 'lockedAt'?
src/lib/compliance/period-lock.ts(52,23): error TS2339: Property 'isHardLock' does not exist on type '{ id: string; createdAt: Date; companyId: string; branchId: string | null; module: string; fiscalYear: number; lockedAt: Date; lockedBy: string; periodMonth: number; lockType: string; unlockReason: string | null; unlockedAt: Date | null; unlockedBy: string | null; }'.
src/lib/compliance/period-lock.ts(67,32): error TS2769: No overload matches this call.
  Overload 1 of 2, '(value: { companyId: string | SQL<unknown> | Placeholder<string, any>; module: string | SQL<unknown> | Placeholder<string, any>; fiscalYear: number | SQL<unknown> | Placeholder<...>; ... 9 more ...; unlockedBy?: string | ... 3 more ... | undefined; }): PgInsertBase<...>', gave the following error.
    Object literal may only specify known properties, but 'lockDate' does not exist in type '{ companyId: string | SQL<unknown> | Placeholder<string, any>; module: string | SQL<unknown> | Placeholder<string, any>; fiscalYear: number | SQL<unknown> | Placeholder<...>; ... 9 more ...; unlockedBy?: string | ... 3 more ... | undefined; }'. Did you mean to write 'lockedAt'?
  Overload 2 of 2, '(values: { companyId: string | SQL<unknown> | Placeholder<string, any>; module: string | SQL<unknown> | Placeholder<string, any>; fiscalYear: number | SQL<unknown> | Placeholder<...>; ... 9 more ...; unlockedBy?: string | ... 3 more ... | undefined; }[]): PgInsertBase<...>', gave the following error.
    Object literal may only specify known properties, and 'companyId' does not exist in type '{ companyId: string | SQL<unknown> | Placeholder<string, any>; module: string | SQL<unknown> | Placeholder<string, any>; fiscalYear: number | SQL<unknown> | Placeholder<...>; ... 9 more ...; unlockedBy?: string | ... 3 more ... | undefined; }[]'.
src/lib/finance/advance-payment.ts(31,5): error TS2322: Type '"RCT"' is not assignable to type 'PostingType'.
src/lib/finance/advance-payment.ts(39,9): error TS2353: Object literal may only specify known properties, and 'accountId' does not exist in type 'PostingLine'.
src/lib/finance/advance-payment.ts(45,9): error TS2353: Object literal may only specify known properties, and 'accountId' does not exist in type 'PostingLine'.
src/lib/finance/advance-payment.ts(81,5): error TS2322: Type '"ALL"' is not assignable to type 'PostingType'.
src/lib/finance/advance-payment.ts(87,9): error TS2353: Object literal may only specify known properties, and 'accountId' does not exist in type 'PostingLine'.
src/lib/finance/advance-payment.ts(93,9): error TS2353: Object literal may only specify known properties, and 'accountId' does not exist in type 'PostingLine'.
src/lib/finance/stats.ts(20,56): error TS2769: No overload matches this call.
  Overload 1 of 3, '(left: PgColumn<{ name: "status"; tableName: "sales_invoices"; dataType: "string"; columnType: "PgEnumColumn"; data: "draft" | "cancelled" | "completed" | "sent" | "confirmed" | "partial"; driverParam: string; ... 8 more ...; generated: undefined; }, {}, {}>, right: SQLWrapper | ... 5 more ... | "partial"): SQL<...>', gave the following error.
    Argument of type '"posted"' is not assignable to parameter of type 'SQLWrapper | "draft" | "cancelled" | "completed" | "sent" | "confirmed" | "partial"'.
  Overload 2 of 3, '(left: Aliased<string>, right: string | SQLWrapper): SQL<unknown>', gave the following error.
    Argument of type 'PgColumn<{ name: "status"; tableName: "sales_invoices"; dataType: "string"; columnType: "PgEnumColumn"; data: "draft" | "cancelled" | "completed" | "sent" | "confirmed" | "partial"; driverParam: string; ... 8 more ...; generated: undefined; }, {}, {}>' is not assignable to parameter of type 'Aliased<string>'.
      Type 'PgColumn<{ name: "status"; tableName: "sales_invoices"; dataType: "string"; columnType: "PgEnumColumn"; data: "draft" | "cancelled" | "completed" | "sent" | "confirmed" | "partial"; driverParam: string; ... 8 more ...; generated: undefined; }, {}, {}>' is missing the following properties from type 'Aliased<string>': sql, fieldAlias
  Overload 3 of 3, '(left: never, right: unknown): SQL<unknown>', gave the following error.
    Argument of type 'PgColumn<{ name: "status"; tableName: "sales_invoices"; dataType: "string"; columnType: "PgEnumColumn"; data: "draft" | "cancelled" | "completed" | "sent" | "confirmed" | "partial"; driverParam: string; ... 8 more ...; generated: undefined; }, {}, {}>' is not assignable to parameter of type 'never'.
src/lib/finance/stats.ts(26,59): error TS2769: No overload matches this call.
  Overload 1 of 3, '(left: PgColumn<{ name: "status"; tableName: "purchase_invoices"; dataType: "string"; columnType: "PgEnumColumn"; data: "draft" | "cancelled" | "completed" | "sent" | "confirmed" | "partial"; ... 9 more ...; generated: undefined; }, {}, {}>, right: SQLWrapper | ... 5 more ... | "partial"): SQL<...>', gave the following error.
    Argument of type '"posted"' is not assignable to parameter of type 'SQLWrapper | "draft" | "cancelled" | "completed" | "sent" | "confirmed" | "partial"'.
  Overload 2 of 3, '(left: Aliased<string>, right: string | SQLWrapper): SQL<unknown>', gave the following error.
    Argument of type 'PgColumn<{ name: "status"; tableName: "purchase_invoices"; dataType: "string"; columnType: "PgEnumColumn"; data: "draft" | "cancelled" | "completed" | "sent" | "confirmed" | "partial"; driverParam: string; ... 8 more ...; generated: undefined; }, {}, {}>' is not assignable to parameter of type 'Aliased<string>'.
      Type 'PgColumn<{ name: "status"; tableName: "purchase_invoices"; dataType: "string"; columnType: "PgEnumColumn"; data: "draft" | "cancelled" | "completed" | "sent" | "confirmed" | "partial"; driverParam: string; ... 8 more ...; generated: undefined; }, {}, {}>' is missing the following properties from type 'Aliased<string>': sql, fieldAlias
  Overload 3 of 3, '(left: never, right: unknown): SQL<unknown>', gave the following error.
    Argument of type 'PgColumn<{ name: "status"; tableName: "purchase_invoices"; dataType: "string"; columnType: "PgEnumColumn"; data: "draft" | "cancelled" | "completed" | "sent" | "confirmed" | "partial"; driverParam: string; ... 8 more ...; generated: undefined; }, {}, {}>' is not assignable to parameter of type 'never'.
src/lib/finance/stats.ts(36,56): error TS2769: No overload matches this call.
  Overload 1 of 3, '(left: PgColumn<{ name: "status"; tableName: "sales_invoices"; dataType: "string"; columnType: "PgEnumColumn"; data: "draft" | "cancelled" | "completed" | "sent" | "confirmed" | "partial"; driverParam: string; ... 8 more ...; generated: undefined; }, {}, {}>, right: SQLWrapper | ... 5 more ... | "partial"): SQL<...>', gave the following error.
    Argument of type '"posted"' is not assignable to parameter of type 'SQLWrapper | "draft" | "cancelled" | "completed" | "sent" | "confirmed" | "partial"'.
  Overload 2 of 3, '(left: Aliased<string>, right: string | SQLWrapper): SQL<unknown>', gave the following error.
    Argument of type 'PgColumn<{ name: "status"; tableName: "sales_invoices"; dataType: "string"; columnType: "PgEnumColumn"; data: "draft" | "cancelled" | "completed" | "sent" | "confirmed" | "partial"; driverParam: string; ... 8 more ...; generated: undefined; }, {}, {}>' is not assignable to parameter of type 'Aliased<string>'.
      Type 'PgColumn<{ name: "status"; tableName: "sales_invoices"; dataType: "string"; columnType: "PgEnumColumn"; data: "draft" | "cancelled" | "completed" | "sent" | "confirmed" | "partial"; driverParam: string; ... 8 more ...; generated: undefined; }, {}, {}>' is missing the following properties from type 'Aliased<string>': sql, fieldAlias
  Overload 3 of 3, '(left: never, right: unknown): SQL<unknown>', gave the following error.
    Argument of type 'PgColumn<{ name: "status"; tableName: "sales_invoices"; dataType: "string"; columnType: "PgEnumColumn"; data: "draft" | "cancelled" | "completed" | "sent" | "confirmed" | "partial"; driverParam: string; ... 8 more ...; generated: undefined; }, {}, {}>' is not assignable to parameter of type 'never'.
src/lib/finance/stats.ts(41,59): error TS2769: No overload matches this call.
  Overload 1 of 3, '(left: PgColumn<{ name: "status"; tableName: "purchase_invoices"; dataType: "string"; columnType: "PgEnumColumn"; data: "draft" | "cancelled" | "completed" | "sent" | "confirmed" | "partial"; ... 9 more ...; generated: undefined; }, {}, {}>, right: SQLWrapper | ... 5 more ... | "partial"): SQL<...>', gave the following error.
    Argument of type '"posted"' is not assignable to parameter of type 'SQLWrapper | "draft" | "cancelled" | "completed" | "sent" | "confirmed" | "partial"'.
  Overload 2 of 3, '(left: Aliased<string>, right: string | SQLWrapper): SQL<unknown>', gave the following error.
    Argument of type 'PgColumn<{ name: "status"; tableName: "purchase_invoices"; dataType: "string"; columnType: "PgEnumColumn"; data: "draft" | "cancelled" | "completed" | "sent" | "confirmed" | "partial"; driverParam: string; ... 8 more ...; generated: undefined; }, {}, {}>' is not assignable to parameter of type 'Aliased<string>'.
      Type 'PgColumn<{ name: "status"; tableName: "purchase_invoices"; dataType: "string"; columnType: "PgEnumColumn"; data: "draft" | "cancelled" | "completed" | "sent" | "confirmed" | "partial"; driverParam: string; ... 8 more ...; generated: undefined; }, {}, {}>' is missing the following properties from type 'Aliased<string>': sql, fieldAlias
  Overload 3 of 3, '(left: never, right: unknown): SQL<unknown>', gave the following error.
    Argument of type 'PgColumn<{ name: "status"; tableName: "purchase_invoices"; dataType: "string"; columnType: "PgEnumColumn"; data: "draft" | "cancelled" | "completed" | "sent" | "confirmed" | "partial"; driverParam: string; ... 8 more ...; generated: undefined; }, {}, {}>' is not assignable to parameter of type 'never'.
src/lib/hr/adjustment-payroll.ts(4,10): error TS2305: Module '"../finance/coa-posting"' has no exported member 'createJournalEntry'.
src/lib/hr/adjustment-payroll.ts(20,9): error TS2353: Object literal may only specify known properties, and 'items' does not exist in type '{ company?: true | { columns?: { id?: boolean | undefined; code?: boolean | undefined; legalName?: boolean | undefined; tradeName?: boolean | undefined; trn?: boolean | undefined; address?: boolean | undefined; currency?: boolean | undefined; isActive?: boolean | undefined; createdAt?: boolean | undefined; updatedAt...'.
src/lib/hr/adjustment-payroll.ts(25,7): error TS2367: This comparison appears to be unintentional because the types '"draft" | "approved" | "cancelled" | "processing" | "paid"' and '"posted"' have no overlap.
src/lib/hr/index.ts(1,15): error TS2307: Cannot find module './payroll-engine' or its corresponding type declarations.
src/lib/hr/leave-provision.ts(4,3): error TS2305: Module '"@/db/schema"' has no exported member 'employeeLeaveBalance'.
src/lib/hr/leave-provision.ts(24,12): error TS2304: Cannot find name 'and'.
src/lib/hr/leave-provision.ts(40,65): error TS2339: Property 'allowances' does not exist on type '{ id: string; code: string; address: string | null; isActive: boolean; createdAt: Date; updatedAt: Date; companyId: string; branchId: string | null; email: string | null; phone: string | null; ... 30 more ...; sickLeaveBalance: string | null; }'.
src/lib/manufacturing/costing.ts(28,7): error TS2353: Object literal may only specify known properties, and 'items' does not exist in type '{ company?: true | { columns?: { id?: boolean | undefined; code?: boolean | undefined; legalName?: boolean | undefined; tradeName?: boolean | undefined; trn?: boolean | undefined; address?: boolean | undefined; currency?: boolean | undefined; isActive?: boolean | undefined; createdAt?: boolean | undefined; updatedAt...'.
src/lib/manufacturing/costing.ts(41,30): error TS2339: Property 'items' does not exist on type '{ id: string; createdAt: Date; updatedAt: Date; companyId: string; branchId: string | null; createdBy: string | null; status: string; warehouseId: string | null; orderNumber: string; ... 11 more ...; plannedCost: string | null; }'.
src/lib/manufacturing/costing.ts(62,23): error TS2339: Property 'quantityProduced' does not exist on type '{ id: string; createdAt: Date; updatedAt: Date; companyId: string; branchId: string | null; createdBy: string | null; status: string; warehouseId: string | null; orderNumber: string; ... 11 more ...; plannedCost: string | null; }'.
src/lib/manufacturing/costing.ts(62,65): error TS2339: Property 'quantityProduced' does not exist on type '{ id: string; createdAt: Date; updatedAt: Date; companyId: string; branchId: string | null; createdBy: string | null; status: string; warehouseId: string | null; orderNumber: string; ... 11 more ...; plannedCost: string | null; }'.
src/lib/projects/scheduler.ts(2,21): error TS2307: Cannot find module 'date-fns/types' or its corresponding type declarations.
src/lib/sales/stats.ts(23,9): error TS2769: No overload matches this call.
  Overload 1 of 3, '(left: PgColumn<{ name: "status"; tableName: "sales_invoices"; dataType: "string"; columnType: "PgEnumColumn"; data: "draft" | "cancelled" | "completed" | "sent" | "confirmed" | "partial"; driverParam: string; ... 8 more ...; generated: undefined; }, {}, {}>, right: SQLWrapper | ... 5 more ... | "partial"): SQL<...>', gave the following error.
    Argument of type '"posted"' is not assignable to parameter of type 'SQLWrapper | "draft" | "cancelled" | "completed" | "sent" | "confirmed" | "partial"'.
  Overload 2 of 3, '(left: Aliased<string>, right: string | SQLWrapper): SQL<unknown>', gave the following error.
    Argument of type 'PgColumn<{ name: "status"; tableName: "sales_invoices"; dataType: "string"; columnType: "PgEnumColumn"; data: "draft" | "cancelled" | "completed" | "sent" | "confirmed" | "partial"; driverParam: string; ... 8 more ...; generated: undefined; }, {}, {}>' is not assignable to parameter of type 'Aliased<string>'.
      Type 'PgColumn<{ name: "status"; tableName: "sales_invoices"; dataType: "string"; columnType: "PgEnumColumn"; data: "draft" | "cancelled" | "completed" | "sent" | "confirmed" | "partial"; driverParam: string; ... 8 more ...; generated: undefined; }, {}, {}>' is missing the following properties from type 'Aliased<string>': sql, fieldAlias
  Overload 3 of 3, '(left: never, right: unknown): SQL<unknown>', gave the following error.
    Argument of type 'PgColumn<{ name: "status"; tableName: "sales_invoices"; dataType: "string"; columnType: "PgEnumColumn"; data: "draft" | "cancelled" | "completed" | "sent" | "confirmed" | "partial"; driverParam: string; ... 8 more ...; generated: undefined; }, {}, {}>' is not assignable to parameter of type 'never'.
src/lib/sales/stats.ts(36,9): error TS2769: No overload matches this call.
  Overload 1 of 3, '(left: PgColumn<{ name: "status"; tableName: "sales_invoices"; dataType: "string"; columnType: "PgEnumColumn"; data: "draft" | "cancelled" | "completed" | "sent" | "confirmed" | "partial"; driverParam: string; ... 8 more ...; generated: undefined; }, {}, {}>, right: SQLWrapper | ... 5 more ... | "partial"): SQL<...>', gave the following error.
    Argument of type '"posted"' is not assignable to parameter of type 'SQLWrapper | "draft" | "cancelled" | "completed" | "sent" | "confirmed" | "partial"'.
  Overload 2 of 3, '(left: Aliased<string>, right: string | SQLWrapper): SQL<unknown>', gave the following error.
    Argument of type 'PgColumn<{ name: "status"; tableName: "sales_invoices"; dataType: "string"; columnType: "PgEnumColumn"; data: "draft" | "cancelled" | "completed" | "sent" | "confirmed" | "partial"; driverParam: string; ... 8 more ...; generated: undefined; }, {}, {}>' is not assignable to parameter of type 'Aliased<string>'.
      Type 'PgColumn<{ name: "status"; tableName: "sales_invoices"; dataType: "string"; columnType: "PgEnumColumn"; data: "draft" | "cancelled" | "completed" | "sent" | "confirmed" | "partial"; driverParam: string; ... 8 more ...; generated: undefined; }, {}, {}>' is missing the following properties from type 'Aliased<string>': sql, fieldAlias
  Overload 3 of 3, '(left: never, right: unknown): SQL<unknown>', gave the following error.
    Argument of type 'PgColumn<{ name: "status"; tableName: "sales_invoices"; dataType: "string"; columnType: "PgEnumColumn"; data: "draft" | "cancelled" | "completed" | "sent" | "confirmed" | "partial"; driverParam: string; ... 8 more ...; generated: undefined; }, {}, {}>' is not assignable to parameter of type 'never'.
src/lib/sales/stats.ts(47,22): error TS2339: Property 'status' does not exist on type 'PgTableWithColumns<{ name: "customers"; schema: undefined; columns: { id: PgColumn<{ name: "id"; tableName: "customers"; dataType: "string"; columnType: "PgUUID"; data: string; driverParam: string; notNull: true; hasDefault: true; ... 6 more ...; generated: undefined; }, {}, {}>; ... 20 more ...; createdBy: PgColumn...'.
src/middleware.ts(21,24): error TS2339: Property 'ip' does not exist on type 'NextRequest'.
